Attaching to qrboxer-backend_db_1, qrboxer-backend_test-db_1, qrboxer-backend_tests_1
[36mdb_1       |[0m Error: Database is uninitialized and superuser password is not specified.
[36mdb_1       |[0m        You must specify POSTGRES_PASSWORD to a non-empty value for the
[36mdb_1       |[0m        superuser. For example, "-e POSTGRES_PASSWORD=password" on "docker run".
[36mdb_1       |[0m 
[36mdb_1       |[0m        You may also use "POSTGRES_HOST_AUTH_METHOD=trust" to allow all
[36mdb_1       |[0m        connections without a password. This is *not* recommended.
[36mdb_1       |[0m 
[36mdb_1       |[0m        See PostgreSQL documentation about "trust":
[36mdb_1       |[0m        https://www.postgresql.org/docs/current/auth-trust.html
[33mtest-db_1  |[0m The files belonging to this database system will be owned by user "postgres".
[33mtest-db_1  |[0m This user must also own the server process.
[33mtest-db_1  |[0m 
[33mtest-db_1  |[0m The database cluster will be initialized with locale "en_US.utf8".
[33mtest-db_1  |[0m The default database encoding has accordingly been set to "UTF8".
[33mtest-db_1  |[0m The default text search configuration will be set to "english".
[33mtest-db_1  |[0m 
[33mtest-db_1  |[0m Data page checksums are disabled.
[36mqrboxer-backend_db_1 exited with code 1
[0m[33mtest-db_1  |[0m 
[33mtest-db_1  |[0m fixing permissions on existing directory /var/lib/postgresql/data ... ok
[33mtest-db_1  |[0m creating subdirectories ... ok
[33mtest-db_1  |[0m selecting dynamic shared memory implementation ... posix
[33mtest-db_1  |[0m selecting default max_connections ... 100
[33mtest-db_1  |[0m selecting default shared_buffers ... 128MB
[33mtest-db_1  |[0m selecting default time zone ... Etc/UTC
[33mtest-db_1  |[0m creating configuration files ... ok
[33mtest-db_1  |[0m running bootstrap script ... ok
[33mtest-db_1  |[0m performing post-bootstrap initialization ... ok
[33mtest-db_1  |[0m syncing data to disk ... ok
[33mtest-db_1  |[0m 
[33mtest-db_1  |[0m 
[33mtest-db_1  |[0m Success. You can now start the database server using:
[33mtest-db_1  |[0m 
[33mtest-db_1  |[0m     pg_ctl -D /var/lib/postgresql/data -l logfile start
[33mtest-db_1  |[0m 
[33mtest-db_1  |[0m initdb: warning: enabling "trust" authentication for local connections
[33mtest-db_1  |[0m You can change this by editing pg_hba.conf or using the option -A, or
[33mtest-db_1  |[0m --auth-local and --auth-host, the next time you run initdb.
[33mtest-db_1  |[0m waiting for server to start....2025-03-01 15:41:34.473 UTC [55] LOG:  starting PostgreSQL 14.15 (Debian 14.15-1.pgdg120+1) on x86_64-pc-linux-gnu, compiled by gcc (Debian 12.2.0-14) 12.2.0, 64-bit
[33mtest-db_1  |[0m 2025-03-01 15:41:34.512 UTC [55] LOG:  listening on Unix socket "/var/run/postgresql/.s.PGSQL.5432"
[33mtest-db_1  |[0m 2025-03-01 15:41:34.657 UTC [56] LOG:  database system was shut down at 2025-03-01 15:41:32 UTC
[33mtest-db_1  |[0m 2025-03-01 15:41:34.712 UTC [55] LOG:  database system is ready to accept connections
[33mtest-db_1  |[0m  done
[33mtest-db_1  |[0m server started
[33mtest-db_1  |[0m CREATE DATABASE
[33mtest-db_1  |[0m 
[33mtest-db_1  |[0m 
[33mtest-db_1  |[0m /usr/local/bin/docker-entrypoint.sh: running /docker-entrypoint-initdb.d/schema.sql
[33mtest-db_1  |[0m CREATE TABLE
[33mtest-db_1  |[0m CREATE TABLE
[33mtest-db_1  |[0m CREATE TABLE
[33mtest-db_1  |[0m CREATE TABLE
[33mtest-db_1  |[0m 
[33mtest-db_1  |[0m 
[33mtest-db_1  |[0m 2025-03-01 15:41:36.585 UTC [55] LOG:  received fast shutdown request
[33mtest-db_1  |[0m waiting for server to shut down....2025-03-01 15:41:36.621 UTC [55] LOG:  aborting any active transactions
[33mtest-db_1  |[0m 2025-03-01 15:41:36.624 UTC [55] LOG:  background worker "logical replication launcher" (PID 62) exited with exit code 1
[33mtest-db_1  |[0m 2025-03-01 15:41:36.624 UTC [57] LOG:  shutting down
[33mtest-db_1  |[0m 2025-03-01 15:41:37.153 UTC [55] LOG:  database system is shut down
[33mtest-db_1  |[0m  done
[33mtest-db_1  |[0m server stopped
[33mtest-db_1  |[0m 
[33mtest-db_1  |[0m PostgreSQL init process complete; ready for start up.
[33mtest-db_1  |[0m 
[33mtest-db_1  |[0m 2025-03-01 15:41:37.322 UTC [1] LOG:  starting PostgreSQL 14.15 (Debian 14.15-1.pgdg120+1) on x86_64-pc-linux-gnu, compiled by gcc (Debian 12.2.0-14) 12.2.0, 64-bit
[33mtest-db_1  |[0m 2025-03-01 15:41:37.322 UTC [1] LOG:  listening on IPv4 address "0.0.0.0", port 5432
[33mtest-db_1  |[0m 2025-03-01 15:41:37.322 UTC [1] LOG:  listening on IPv6 address "::", port 5432
[33mtest-db_1  |[0m 2025-03-01 15:41:37.400 UTC [1] LOG:  listening on Unix socket "/var/run/postgresql/.s.PGSQL.5432"
[33mtest-db_1  |[0m 2025-03-01 15:41:37.485 UTC [72] LOG:  database system was shut down at 2025-03-01 15:41:37 UTC
[33mtest-db_1  |[0m 2025-03-01 15:41:37.544 UTC [1] LOG:  database system is ready to accept connections
[32mtests_1    |[0m 
[32mtests_1    |[0m > qrboxer@0.1.0 test
[32mtests_1    |[0m > jest -i --detectOpenHandles --forceExit --verbose --forceExit --detectOpenHandles --runInBand
[32mtests_1    |[0m 
[32mtests_1    |[0m   console.log
[32mtests_1    |[0m     QRBoxer Config:
[32mtests_1    |[0m 
[32mtests_1    |[0m       at Object.log (config/config.js:22:9)
[32mtests_1    |[0m 
[32mtests_1    |[0m   console.log
[32mtests_1    |[0m     SECRET_KEY: secret-dev
[32mtests_1    |[0m 
[32mtests_1    |[0m       at Object.log (config/config.js:23:9)
[32mtests_1    |[0m 
[32mtests_1    |[0m   console.log
[32mtests_1    |[0m     PORT: 3001
[32mtests_1    |[0m 
[32mtests_1    |[0m       at Object.log (config/config.js:24:9)
[32mtests_1    |[0m 
[32mtests_1    |[0m   console.log
[32mtests_1    |[0m     BCRYPT_WORK_FACTOR 1
[32mtests_1    |[0m 
[32mtests_1    |[0m       at Object.log (config/config.js:25:9)
[32mtests_1    |[0m 
[32mtests_1    |[0m   console.log
[32mtests_1    |[0m     Database: postgresql://test_user:test_password@test-db:5432/test_db
[32mtests_1    |[0m 
[32mtests_1    |[0m       at Object.log (config/config.js:26:9)
[32mtests_1    |[0m 
[32mtests_1    |[0m   console.log
[32mtests_1    |[0m     ---
[32mtests_1    |[0m 
[32mtests_1    |[0m       at Object.log (config/config.js:27:9)
[32mtests_1    |[0m 
[32mtests_1    |[0m FAIL tests/models/move.test.js
[32mtests_1    |[0m   create
[32mtests_1    |[0m     ✕ works (4 ms)
[32mtests_1    |[0m     ✕ bad request with duplicate date (7 ms)
[32mtests_1    |[0m   get
[32mtests_1    |[0m     ✕ works (8 ms)
[32mtests_1    |[0m     ✕ not found if no such move (4 ms)
[32mtests_1    |[0m   update
[32mtests_1    |[0m     ✕ works (4 ms)
[32mtests_1    |[0m     ✕ not found if no such move (5 ms)
[32mtests_1    |[0m     ✕ works: partial update (2 ms)
[32mtests_1    |[0m   findAll
[32mtests_1    |[0m     ✕ works: finds all moves for user (4 ms)
[32mtests_1    |[0m     ✕ works: returns empty array if no moves found (2 ms)
[32mtests_1    |[0m   remove
[32mtests_1    |[0m     ✕ works: removes move and boxes cascade (8 ms)
[32mtests_1    |[0m     ✕ not found if no such move (3 ms)
[32mtests_1    |[0m 
[32mtests_1    |[0m   ● create › works
[32mtests_1    |[0m 
[32mtests_1    |[0m     TypeError: Cannot read properties of undefined (reading 'query')
[32mtests_1    |[0m 
[32mtests_1    |[0m        7 | class Move {
[32mtests_1    |[0m        8 |   static async create({ location, date, username }) {
[32mtests_1    |[0m     >  9 |     const duplicateCheck = await db.query(
[32mtests_1    |[0m          |                                     ^
[32mtests_1    |[0m       10 |       `SELECT date
[32mtests_1    |[0m       11 |        FROM moves
[32mtests_1    |[0m       12 |        WHERE date = $1`,
[32mtests_1    |[0m 
[32mtests_1    |[0m       at Function.query [as create] (models/move.js:9:37)
[32mtests_1    |[0m       at Object.create (tests/models/move.test.js:29:31)
[32mtests_1    |[0m 
[32mtests_1    |[0m   ● create › bad request with duplicate date
[32mtests_1    |[0m 
[32mtests_1    |[0m     expect(received).toBeTruthy()
[32mtests_1    |[0m 
[32mtests_1    |[0m     Received: false
[32mtests_1    |[0m 
[32mtests_1    |[0m       51 |         fail();
[32mtests_1    |[0m       52 |       } catch (err) {
[32mtests_1    |[0m     > 53 |         expect(err instanceof BadRequestError).toBeTruthy();
[32mtests_1    |[0m          |                                                ^
[32mtests_1    |[0m       54 |         expect(err.message).toEqual(`Duplicate move: ${newMove.date}`);
[32mtests_1    |[0m       55 |       }
[32mtests_1    |[0m       56 |     });
[32mtests_1    |[0m 
[32mtests_1    |[0m       at Object.toBeTruthy (tests/models/move.test.js:53:48)
[32mtests_1    |[0m 
[32mtests_1    |[0m   ● get › works
[32mtests_1    |[0m 
[32mtests_1    |[0m     ReferenceError: db is not defined
[32mtests_1    |[0m 
[32mtests_1    |[0m       66 |     //);
[32mtests_1    |[0m       67 |
[32mtests_1    |[0m     > 68 |     const result = await db.query(`SELECT id FROM moves WHERE id = 1`); 
[32mtests_1    |[0m          |                    ^
[32mtests_1    |[0m       69 |     const moveId = result.rows[0].id;
[32mtests_1    |[0m       70 |
[32mtests_1    |[0m       71 |     const boxResult = await db.query(
[32mtests_1    |[0m 
[32mtests_1    |[0m       at Object.<anonymous> (tests/models/move.test.js:68:20)
[32mtests_1    |[0m 
[32mtests_1    |[0m   ● get › not found if no such move
[32mtests_1    |[0m 
[32mtests_1    |[0m     expect(received).toBeTruthy()
[32mtests_1    |[0m 
[32mtests_1    |[0m     Received: false
[32mtests_1    |[0m 
[32mtests_1    |[0m        96 |       fail();
[32mtests_1    |[0m        97 |     } catch (err) {
[32mtests_1    |[0m     >  98 |       expect(err instanceof NotFoundError).toBeTruthy();
[32mtests_1    |[0m           |                                            ^
[32mtests_1    |[0m        99 |     }
[32mtests_1    |[0m       100 |   });
[32mtests_1    |[0m       101 | });
[32mtests_1    |[0m 
[32mtests_1    |[0m       at Object.toBeTruthy (tests/models/move.test.js:98:44)
[32mtests_1    |[0m 
[32mtests_1    |[0m   ● update › works
[32mtests_1    |[0m 
[32mtests_1    |[0m     ReferenceError: db is not defined
[32mtests_1    |[0m 
[32mtests_1    |[0m       104 |   describe("update", () => {
[32mtests_1    |[0m       105 |   test("works", async () => {
[32mtests_1    |[0m     > 106 |     const result = await db.query(
[32mtests_1    |[0m           |                    ^
[32mtests_1    |[0m       107 |       `INSERT INTO moves (location, date, username)
[32mtests_1    |[0m       108 |        VALUES ('New York', '2024-06-01', 'testuser')
[32mtests_1    |[0m       109 |        RETURNING id`
[32mtests_1    |[0m 
[32mtests_1    |[0m       at Object.<anonymous> (tests/models/move.test.js:106:20)
[32mtests_1    |[0m 
[32mtests_1    |[0m   ● update › not found if no such move
[32mtests_1    |[0m 
[32mtests_1    |[0m     expect(received).toBeTruthy()
[32mtests_1    |[0m 
[32mtests_1    |[0m     Received: false
[32mtests_1    |[0m 
[32mtests_1    |[0m       156 |       fail();
[32mtests_1    |[0m       157 |     } catch (err) {
[32mtests_1    |[0m     > 158 |       expect(err instanceof NotFoundError).toBeTruthy();
[32mtests_1    |[0m           |                                            ^
[32mtests_1    |[0m       159 |     }
[32mtests_1    |[0m       160 |   });
[32mtests_1    |[0m       161 |
[32mtests_1    |[0m 
[32mtests_1    |[0m       at Object.toBeTruthy (tests/models/move.test.js:158:44)
[32mtests_1    |[0m 
[32mtests_1    |[0m   ● update › works: partial update
[32mtests_1    |[0m 
[32mtests_1    |[0m     ReferenceError: db is not defined
[32mtests_1    |[0m 
[32mtests_1    |[0m       161 |
[32mtests_1    |[0m       162 |   test("works: partial update", async () => {
[32mtests_1    |[0m     > 163 |     const result = await db.query(
[32mtests_1    |[0m           |                    ^
[32mtests_1    |[0m       164 |       `INSERT INTO moves (location, date, username)
[32mtests_1    |[0m       165 |        VALUES ('New York', '2024-06-01', 'testuser')
[32mtests_1    |[0m       166 |        RETURNING id`
[32mtests_1    |[0m 
[32mtests_1    |[0m       at Object.<anonymous> (tests/models/move.test.js:163:20)
[32mtests_1    |[0m 
[32mtests_1    |[0m   ● findAll › works: finds all moves for user
[32mtests_1    |[0m 
[32mtests_1    |[0m     ReferenceError: db is not defined
[32mtests_1    |[0m 
[32mtests_1    |[0m       200 |     // Create only otheruser since testuser is already created in beforeEach
[32mtests_1    |[0m       201 |     const hashedPassword = await bcrypt.hash("password123", BCRYPT_WORK_FACTOR);
[32mtests_1    |[0m     > 202 |     await db.query(
[32mtests_1    |[0m           |     ^
[32mtests_1    |[0m       203 |       `INSERT INTO users (username, password, email, admin)
[32mtests_1    |[0m       204 |        VALUES ($1, $2, $3, $4)`,
[32mtests_1    |[0m       205 |       ["otheruser", hashedPassword, "test2@test.com", false]
[32mtests_1    |[0m 
[32mtests_1    |[0m       at Object.<anonymous> (tests/models/move.test.js:202:5)
[32mtests_1    |[0m 
[32mtests_1    |[0m   ● findAll › works: returns empty array if no moves found
[32mtests_1    |[0m 
[32mtests_1    |[0m     TypeError: Cannot read properties of undefined (reading 'query')
[32mtests_1    |[0m 
[32mtests_1    |[0m        97 |
[32mtests_1    |[0m        98 |   static async findAll(username) {
[32mtests_1    |[0m     >  99 |     const moveRes = await db.query(
[32mtests_1    |[0m           |                              ^
[32mtests_1    |[0m       100 |       `SELECT m.id,
[32mtests_1    |[0m       101 |               m.location,
[32mtests_1    |[0m       102 |               m.date,
[32mtests_1    |[0m 
[32mtests_1    |[0m       at Function.query [as findAll] (models/move.js:99:30)
[32mtests_1    |[0m       at Object.findAll (tests/models/move.test.js:254:30)
[32mtests_1    |[0m 
[32mtests_1    |[0m   ● remove › works: removes move and boxes cascade
[32mtests_1    |[0m 
[32mtests_1    |[0m     ReferenceError: db is not defined
[32mtests_1    |[0m 
[32mtests_1    |[0m       260 |   describe("remove", () => {
[32mtests_1    |[0m       261 |   test("works: removes move and boxes cascade", async () => {
[32mtests_1    |[0m     > 262 |     const result = await db.query(
[32mtests_1    |[0m           |                    ^
[32mtests_1    |[0m       263 |       `INSERT INTO moves (location, date, username)
[32mtests_1    |[0m       264 |        VALUES ('New York', '2024-06-01', 'testuser')
[32mtests_1    |[0m       265 |        RETURNING id`
[32mtests_1    |[0m 
[32mtests_1    |[0m       at Object.<anonymous> (tests/models/move.test.js:262:20)
[32mtests_1    |[0m 
[32mtests_1    |[0m   ● remove › not found if no such move
[32mtests_1    |[0m 
[32mtests_1    |[0m     expect(received).toBeTruthy()
[32mtests_1    |[0m 
[32mtests_1    |[0m     Received: false
[32mtests_1    |[0m 
[32mtests_1    |[0m       293 |       fail();
[32mtests_1    |[0m       294 |     } catch (err) {
[32mtests_1    |[0m     > 295 |       expect(err instanceof NotFoundError).toBeTruthy();
[32mtests_1    |[0m           |                                            ^
[32mtests_1    |[0m       296 |     }
[32mtests_1    |[0m       297 |   });
[32mtests_1    |[0m       298 | });
[32mtests_1    |[0m 
[32mtests_1    |[0m       at Object.toBeTruthy (tests/models/move.test.js:295:44)
[32mtests_1    |[0m 
[32mtests_1    |[0m   console.log
[32mtests_1    |[0m     QRBoxer Config:
[32mtests_1    |[0m 
[32mtests_1    |[0m       at Object.log (config/config.js:22:9)
[32mtests_1    |[0m 
[32mtests_1    |[0m   console.log
[32mtests_1    |[0m     SECRET_KEY: secret-dev
[32mtests_1    |[0m 
[32mtests_1    |[0m       at Object.log (config/config.js:23:9)
[32mtests_1    |[0m 
[32mtests_1    |[0m   console.log
[32mtests_1    |[0m     PORT: 3001
[32mtests_1    |[0m 
[32mtests_1    |[0m       at Object.log (config/config.js:24:9)
[32mtests_1    |[0m 
[32mtests_1    |[0m   console.log
[32mtests_1    |[0m     BCRYPT_WORK_FACTOR 1
[32mtests_1    |[0m 
[32mtests_1    |[0m       at Object.log (config/config.js:25:9)
[32mtests_1    |[0m 
[32mtests_1    |[0m   console.log
[32mtests_1    |[0m     Database: postgresql://test_user:test_password@test-db:5432/test_db
[32mtests_1    |[0m 
[32mtests_1    |[0m       at Object.log (config/config.js:26:9)
[32mtests_1    |[0m 
[32mtests_1    |[0m   console.log
[32mtests_1    |[0m     ---
[32mtests_1    |[0m 
[32mtests_1    |[0m       at Object.log (config/config.js:27:9)
[32mtests_1    |[0m 
[32mtests_1    |[0m   console.log
[32mtests_1    |[0m     QRBoxer Config:
[32mtests_1    |[0m 
[32mtests_1    |[0m       at Object.log (config/config.js:22:9)
[32mtests_1    |[0m 
[32mtests_1    |[0m   console.log
[32mtests_1    |[0m     SECRET_KEY: secret-dev
[32mtests_1    |[0m 
[32mtests_1    |[0m       at Object.log (config/config.js:23:9)
[32mtests_1    |[0m 
[32mtests_1    |[0m   console.log
[32mtests_1    |[0m     PORT: 3001
[32mtests_1    |[0m 
[32mtests_1    |[0m       at Object.log (config/config.js:24:9)
[32mtests_1    |[0m 
[32mtests_1    |[0m   console.log
[32mtests_1    |[0m     BCRYPT_WORK_FACTOR 1
[32mtests_1    |[0m 
[32mtests_1    |[0m       at Object.log (config/config.js:25:9)
[32mtests_1    |[0m 
[32mtests_1    |[0m   console.log
[32mtests_1    |[0m     Database: postgresql://test_user:test_password@test-db:5432/test_db
[32mtests_1    |[0m 
[32mtests_1    |[0m       at Object.log (config/config.js:26:9)
[32mtests_1    |[0m 
[32mtests_1    |[0m   console.log
[32mtests_1    |[0m     ---
[32mtests_1    |[0m 
[32mtests_1    |[0m       at Object.log (config/config.js:27:9)
[32mtests_1    |[0m 
[32mtests_1    |[0m   console.log
[32mtests_1    |[0m     QRBoxer Config:
[32mtests_1    |[0m 
[32mtests_1    |[0m       at Object.log (config/config.js:22:9)
[32mtests_1    |[0m 
[32mtests_1    |[0m   console.log
[32mtests_1    |[0m     SECRET_KEY: secret-dev
[32mtests_1    |[0m 
[32mtests_1    |[0m       at Object.log (config/config.js:23:9)
[32mtests_1    |[0m 
[32mtests_1    |[0m   console.log
[32mtests_1    |[0m     PORT: 3001
[32mtests_1    |[0m 
[32mtests_1    |[0m       at Object.log (config/config.js:24:9)
[32mtests_1    |[0m 
[32mtests_1    |[0m   console.log
[32mtests_1    |[0m     BCRYPT_WORK_FACTOR 1
[32mtests_1    |[0m 
[32mtests_1    |[0m       at Object.log (config/config.js:25:9)
[32mtests_1    |[0m 
[32mtests_1    |[0m   console.log
[32mtests_1    |[0m     Database: postgresql://test_user:test_password@test-db:5432/test_db
[32mtests_1    |[0m 
[32mtests_1    |[0m       at Object.log (config/config.js:26:9)
[32mtests_1    |[0m 
[32mtests_1    |[0m   console.log
[32mtests_1    |[0m     ---
[32mtests_1    |[0m 
[32mtests_1    |[0m       at Object.log (config/config.js:27:9)
[32mtests_1    |[0m 
[32mtests_1    |[0m POST /users 201 75 - 3.475 ms
[32mtests_1    |[0m POST /users 400 202 - 1.337 ms
[32mtests_1    |[0m POST /users 400 233 - 1.210 ms
[32mtests_1    |[0m GET /users 200 103 - 0.578 ms
[32mtests_1    |[0m GET /users 200 12 - 0.409 ms
[32mtests_1    |[0m GET /users/testuser 200 144 - 0.507 ms
[32mtests_1    |[0m GET /users/nonexistent 404 26 - 0.389 ms
[32mtests_1    |[0m PATCH /users/testuser 200 55 - 0.980 ms
[32mtests_1    |[0m PATCH /users/testuser 400 32 - 0.254 ms
[32mtests_1    |[0m PATCH /users/testuser 400 35 - 0.321 ms
[32mtests_1    |[0m PATCH /users/nonexistent 404 26 - 0.622 ms
[32mtests_1    |[0m DELETE /users/testuser 200 22 - 0.420 ms
[32mtests_1    |[0m DELETE /users/nonexistent 404 26 - 0.426 ms
[32mtests_1    |[0m PASS tests/routes/userRoutes.test.js
[32mtests_1    |[0m   User Routes Test
[32mtests_1    |[0m     POST /users
[32mtests_1    |[0m       ✓ works: creates a new user (94 ms)
[32mtests_1    |[0m       ✓ bad request with missing fields (14 ms)
[32mtests_1    |[0m       ✓ bad request with invalid data (10 ms)
[32mtests_1    |[0m     GET /users
[32mtests_1    |[0m       ✓ works: gets all users (8 ms)
[32mtests_1    |[0m       ✓ works: empty list on no users (9 ms)
[32mtests_1    |[0m     GET /users/:username
[32mtests_1    |[0m       ✓ works: gets user by username (7 ms)
[32mtests_1    |[0m       ✓ not found if user doesn't exist (8 ms)
[32mtests_1    |[0m     PATCH /users/:username
[32mtests_1    |[0m       ✓ works: updates user (11 ms)
[32mtests_1    |[0m       ✓ bad request with invalid data (9 ms)
[32mtests_1    |[0m       ✓ bad request with empty update (8 ms)
[32mtests_1    |[0m       ✓ not found if user doesn't exist (9 ms)
[32mtests_1    |[0m     DELETE /users/:username
[32mtests_1    |[0m       ✓ works: deletes user (7 ms)
[32mtests_1    |[0m       ✓ not found if user doesn't exist (7 ms)
[32mtests_1    |[0m 
[32mtests_1    |[0m FAIL tests/models/box.test.js
[32mtests_1    |[0m   Box Model Tests
[32mtests_1    |[0m     create
[32mtests_1    |[0m       ✕ works (6 ms)
[32mtests_1    |[0m     findAll
[32mtests_1    |[0m       ✕ works: no filter (1 ms)
[32mtests_1    |[0m     findAllbyUser
[32mtests_1    |[0m       ✕ works with move filter (1 ms)
[32mtests_1    |[0m       ✕ returns empty array if no boxes found (1 ms)
[32mtests_1    |[0m     get
[32mtests_1    |[0m       ✕ works (1 ms)
[32mtests_1    |[0m       ✕ not found if no such box (1 ms)
[32mtests_1    |[0m     getMoveBoxes
[32mtests_1    |[0m       ✕ works
[32mtests_1    |[0m       ✕ returns empty array if no boxes found
[32mtests_1    |[0m     update
[32mtests_1    |[0m       ✕ works (1 ms)
[32mtests_1    |[0m       ✕ not found if no such box (1 ms)
[32mtests_1    |[0m     remove
[32mtests_1    |[0m       ✕ works (1 ms)
[32mtests_1    |[0m       ✕ not found if no such box (1 ms)
[32mtests_1    |[0m 
[32mtests_1    |[0m   ● Box Model Tests › create › works
[32mtests_1    |[0m 
[32mtests_1    |[0m     ReferenceError: db is not defined
[32mtests_1    |[0m 
[32mtests_1    |[0m        7 |
[32mtests_1    |[0m        8 |   beforeEach(async () => {
[32mtests_1    |[0m     >  9 |     await db.query("DELETE FROM items");
[32mtests_1    |[0m          |     ^
[32mtests_1    |[0m       10 |     await db.query("DELETE FROM boxes");
[32mtests_1    |[0m       11 |     await db.query("DELETE FROM moves");
[32mtests_1    |[0m       12 |     await db.query("DELETE FROM users");
[32mtests_1    |[0m 
[32mtests_1    |[0m       at Object.<anonymous> (tests/models/box.test.js:9:5)
[32mtests_1    |[0m 
[32mtests_1    |[0m   ● Box Model Tests › findAll › works: no filter
[32mtests_1    |[0m 
[32mtests_1    |[0m     ReferenceError: db is not defined
[32mtests_1    |[0m 
[32mtests_1    |[0m        7 |
[32mtests_1    |[0m        8 |   beforeEach(async () => {
[32mtests_1    |[0m     >  9 |     await db.query("DELETE FROM items");
[32mtests_1    |[0m          |     ^
[32mtests_1    |[0m       10 |     await db.query("DELETE FROM boxes");
[32mtests_1    |[0m       11 |     await db.query("DELETE FROM moves");
[32mtests_1    |[0m       12 |     await db.query("DELETE FROM users");
[32mtests_1    |[0m 
[32mtests_1    |[0m       at Object.<anonymous> (tests/models/box.test.js:9:5)
[32mtests_1    |[0m 
[32mtests_1    |[0m   ● Box Model Tests › findAllbyUser › works with move filter
[32mtests_1    |[0m 
[32mtests_1    |[0m     ReferenceError: db is not defined
[32mtests_1    |[0m 
[32mtests_1    |[0m        7 |
[32mtests_1    |[0m        8 |   beforeEach(async () => {
[32mtests_1    |[0m     >  9 |     await db.query("DELETE FROM items");
[32mtests_1    |[0m          |     ^
[32mtests_1    |[0m       10 |     await db.query("DELETE FROM boxes");
[32mtests_1    |[0m       11 |     await db.query("DELETE FROM moves");
[32mtests_1    |[0m       12 |     await db.query("DELETE FROM users");
[32mtests_1    |[0m 
[32mtests_1    |[0m       at Object.<anonymous> (tests/models/box.test.js:9:5)
[32mtests_1    |[0m 
[32mtests_1    |[0m   ● Box Model Tests › findAllbyUser › returns empty array if no boxes found
[32mtests_1    |[0m 
[32mtests_1    |[0m     ReferenceError: db is not defined
[32mtests_1    |[0m 
[32mtests_1    |[0m        7 |
[32mtests_1    |[0m        8 |   beforeEach(async () => {
[32mtests_1    |[0m     >  9 |     await db.query("DELETE FROM items");
[32mtests_1    |[0m          |     ^
[32mtests_1    |[0m       10 |     await db.query("DELETE FROM boxes");
[32mtests_1    |[0m       11 |     await db.query("DELETE FROM moves");
[32mtests_1    |[0m       12 |     await db.query("DELETE FROM users");
[32mtests_1    |[0m 
[32mtests_1    |[0m       at Object.<anonymous> (tests/models/box.test.js:9:5)
[32mtests_1    |[0m 
[32mtests_1    |[0m   ● Box Model Tests › get › works
[32mtests_1    |[0m 
[32mtests_1    |[0m     ReferenceError: db is not defined
[32mtests_1    |[0m 
[32mtests_1    |[0m        7 |
[32mtests_1    |[0m        8 |   beforeEach(async () => {
[32mtests_1    |[0m     >  9 |     await db.query("DELETE FROM items");
[32mtests_1    |[0m          |     ^
[32mtests_1    |[0m       10 |     await db.query("DELETE FROM boxes");
[32mtests_1    |[0m       11 |     await db.query("DELETE FROM moves");
[32mtests_1    |[0m       12 |     await db.query("DELETE FROM users");
[32mtests_1    |[0m 
[32mtests_1    |[0m       at Object.<anonymous> (tests/models/box.test.js:9:5)
[32mtests_1    |[0m 
[32mtests_1    |[0m   ● Box Model Tests › get › not found if no such box
[32mtests_1    |[0m 
[32mtests_1    |[0m     ReferenceError: db is not defined
[32mtests_1    |[0m 
[32mtests_1    |[0m        7 |
[32mtests_1    |[0m        8 |   beforeEach(async () => {
[32mtests_1    |[0m     >  9 |     await db.query("DELETE FROM items");
[32mtests_1    |[0m          |     ^
[32mtests_1    |[0m       10 |     await db.query("DELETE FROM boxes");
[32mtests_1    |[0m       11 |     await db.query("DELETE FROM moves");
[32mtests_1    |[0m       12 |     await db.query("DELETE FROM users");
[32mtests_1    |[0m 
[32mtests_1    |[0m       at Object.<anonymous> (tests/models/box.test.js:9:5)
[32mtests_1    |[0m 
[32mtests_1    |[0m   ● Box Model Tests › getMoveBoxes › works
[32mtests_1    |[0m 
[32mtests_1    |[0m     ReferenceError: db is not defined
[32mtests_1    |[0m 
[32mtests_1    |[0m        7 |
[32mtests_1    |[0m        8 |   beforeEach(async () => {
[32mtests_1    |[0m     >  9 |     await db.query("DELETE FROM items");
[32mtests_1    |[0m          |     ^
[32mtests_1    |[0m       10 |     await db.query("DELETE FROM boxes");
[32mtests_1    |[0m       11 |     await db.query("DELETE FROM moves");
[32mtests_1    |[0m       12 |     await db.query("DELETE FROM users");
[32mtests_1    |[0m 
[32mtests_1    |[0m       at Object.<anonymous> (tests/models/box.test.js:9:5)
[32mtests_1    |[0m 
[32mtests_1    |[0m   ● Box Model Tests › getMoveBoxes › returns empty array if no boxes found
[32mtests_1    |[0m 
[32mtests_1    |[0m     ReferenceError: db is not defined
[32mtests_1    |[0m 
[32mtests_1    |[0m        7 |
[32mtests_1    |[0m        8 |   beforeEach(async () => {
[32mtests_1    |[0m     >  9 |     await db.query("DELETE FROM items");
[32mtests_1    |[0m          |     ^
[32mtests_1    |[0m       10 |     await db.query("DELETE FROM boxes");
[32mtests_1    |[0m       11 |     await db.query("DELETE FROM moves");
[32mtests_1    |[0m       12 |     await db.query("DELETE FROM users");
[32mtests_1    |[0m 
[32mtests_1    |[0m       at Object.<anonymous> (tests/models/box.test.js:9:5)
[32mtests_1    |[0m 
[32mtests_1    |[0m   ● Box Model Tests › update › works
[32mtests_1    |[0m 
[32mtests_1    |[0m     ReferenceError: db is not defined
[32mtests_1    |[0m 
[32mtests_1    |[0m        7 |
[32mtests_1    |[0m        8 |   beforeEach(async () => {
[32mtests_1    |[0m     >  9 |     await db.query("DELETE FROM items");
[32mtests_1    |[0m          |     ^
[32mtests_1    |[0m       10 |     await db.query("DELETE FROM boxes");
[32mtests_1    |[0m       11 |     await db.query("DELETE FROM moves");
[32mtests_1    |[0m       12 |     await db.query("DELETE FROM users");
[32mtests_1    |[0m 
[32mtests_1    |[0m       at Object.<anonymous> (tests/models/box.test.js:9:5)
[32mtests_1    |[0m 
[32mtests_1    |[0m   ● Box Model Tests › update › not found if no such box
[32mtests_1    |[0m 
[32mtests_1    |[0m     ReferenceError: db is not defined
[32mtests_1    |[0m 
[32mtests_1    |[0m        7 |
[32mtests_1    |[0m        8 |   beforeEach(async () => {
[32mtests_1    |[0m     >  9 |     await db.query("DELETE FROM items");
[32mtests_1    |[0m          |     ^
[32mtests_1    |[0m       10 |     await db.query("DELETE FROM boxes");
[32mtests_1    |[0m       11 |     await db.query("DELETE FROM moves");
[32mtests_1    |[0m       12 |     await db.query("DELETE FROM users");
[32mtests_1    |[0m 
[32mtests_1    |[0m       at Object.<anonymous> (tests/models/box.test.js:9:5)
[32mtests_1    |[0m 
[32mtests_1    |[0m   ● Box Model Tests › remove › works
[32mtests_1    |[0m 
[32mtests_1    |[0m     ReferenceError: db is not defined
[32mtests_1    |[0m 
[32mtests_1    |[0m        7 |
[32mtests_1    |[0m        8 |   beforeEach(async () => {
[32mtests_1    |[0m     >  9 |     await db.query("DELETE FROM items");
[32mtests_1    |[0m          |     ^
[32mtests_1    |[0m       10 |     await db.query("DELETE FROM boxes");
[32mtests_1    |[0m       11 |     await db.query("DELETE FROM moves");
[32mtests_1    |[0m       12 |     await db.query("DELETE FROM users");
[32mtests_1    |[0m 
[32mtests_1    |[0m       at Object.<anonymous> (tests/models/box.test.js:9:5)
[32mtests_1    |[0m 
[32mtests_1    |[0m   ● Box Model Tests › remove › not found if no such box
[32mtests_1    |[0m 
[32mtests_1    |[0m     ReferenceError: db is not defined
[32mtests_1    |[0m 
[32mtests_1    |[0m        7 |
[32mtests_1    |[0m        8 |   beforeEach(async () => {
[32mtests_1    |[0m     >  9 |     await db.query("DELETE FROM items");
[32mtests_1    |[0m          |     ^
[32mtests_1    |[0m       10 |     await db.query("DELETE FROM boxes");
[32mtests_1    |[0m       11 |     await db.query("DELETE FROM moves");
[32mtests_1    |[0m       12 |     await db.query("DELETE FROM users");
[32mtests_1    |[0m 
[32mtests_1    |[0m       at Object.<anonymous> (tests/models/box.test.js:9:5)
[32mtests_1    |[0m 
[32mtests_1    |[0m   console.log
[32mtests_1    |[0m     QRBoxer Config:
[32mtests_1    |[0m 
[32mtests_1    |[0m       at Object.log (config/config.js:22:9)
[32mtests_1    |[0m 
[32mtests_1    |[0m   console.log
[32mtests_1    |[0m     SECRET_KEY: secret-dev
[32mtests_1    |[0m 
[32mtests_1    |[0m       at Object.log (config/config.js:23:9)
[32mtests_1    |[0m 
[32mtests_1    |[0m   console.log
[32mtests_1    |[0m     PORT: 3001
[32mtests_1    |[0m 
[32mtests_1    |[0m       at Object.log (config/config.js:24:9)
[32mtests_1    |[0m 
[32mtests_1    |[0m   console.log
[32mtests_1    |[0m     BCRYPT_WORK_FACTOR 1
[32mtests_1    |[0m 
[32mtests_1    |[0m       at Object.log (config/config.js:25:9)
[32mtests_1    |[0m 
[32mtests_1    |[0m   console.log
[32mtests_1    |[0m     Database: postgresql://test_user:test_password@test-db:5432/test_db
[32mtests_1    |[0m 
[32mtests_1    |[0m       at Object.log (config/config.js:26:9)
[32mtests_1    |[0m 
[32mtests_1    |[0m   console.log
[32mtests_1    |[0m     ---
[32mtests_1    |[0m 
[32mtests_1    |[0m       at Object.log (config/config.js:27:9)
[32mtests_1    |[0m 
[32mtests_1    |[0m FAIL tests/routes/boxRoutes.test.js
[32mtests_1    |[0m   ● Box Routes Automated Tests › Automated CRUD Testing › CREATE: should create multiple boxes
[32mtests_1    |[0m 
[32mtests_1    |[0m     ReferenceError: db is not defined
[32mtests_1    |[0m 
[32mtests_1    |[0m        8 |   
[32mtests_1    |[0m        9 |   beforeAll(async () => {
[32mtests_1    |[0m     > 10 |     await db.query("DELETE FROM items");
[32mtests_1    |[0m          |     ^
[32mtests_1    |[0m       11 |     await db.query("DELETE FROM boxes");
[32mtests_1    |[0m       12 |     await db.query("DELETE FROM moves");
[32mtests_1    |[0m       13 |     await db.query("DELETE FROM users");
[32mtests_1    |[0m 
[32mtests_1    |[0m       at Object.<anonymous> (tests/routes/boxRoutes.test.js:10:5)
[32mtests_1    |[0m 
[32mtests_1    |[0m   ● Box Routes Automated Tests › Automated CRUD Testing › READ: should retrieve all created boxes
[32mtests_1    |[0m 
[32mtests_1    |[0m     ReferenceError: db is not defined
[32mtests_1    |[0m 
[32mtests_1    |[0m        8 |   
[32mtests_1    |[0m        9 |   beforeAll(async () => {
[32mtests_1    |[0m     > 10 |     await db.query("DELETE FROM items");
[32mtests_1    |[0m          |     ^
[32mtests_1    |[0m       11 |     await db.query("DELETE FROM boxes");
[32mtests_1    |[0m       12 |     await db.query("DELETE FROM moves");
[32mtests_1    |[0m       13 |     await db.query("DELETE FROM users");
[32mtests_1    |[0m 
[32mtests_1    |[0m       at Object.<anonymous> (tests/routes/boxRoutes.test.js:10:5)
[32mtests_1    |[0m 
[32mtests_1    |[0m   ● Box Routes Automated Tests › Automated CRUD Testing › UPDATE: should update each box
[32mtests_1    |[0m 
[32mtests_1    |[0m     ReferenceError: db is not defined
[32mtests_1    |[0m 
[32mtests_1    |[0m        8 |   
[32mtests_1    |[0m        9 |   beforeAll(async () => {
[32mtests_1    |[0m     > 10 |     await db.query("DELETE FROM items");
[32mtests_1    |[0m          |     ^
[32mtests_1    |[0m       11 |     await db.query("DELETE FROM boxes");
[32mtests_1    |[0m       12 |     await db.query("DELETE FROM moves");
[32mtests_1    |[0m       13 |     await db.query("DELETE FROM users");
[32mtests_1    |[0m 
[32mtests_1    |[0m       at Object.<anonymous> (tests/routes/boxRoutes.test.js:10:5)
[32mtests_1    |[0m 
[32mtests_1    |[0m   ● Box Routes Automated Tests › Automated CRUD Testing › DELETE: should delete all created boxes
[32mtests_1    |[0m 
[32mtests_1    |[0m     ReferenceError: db is not defined
[32mtests_1    |[0m 
[32mtests_1    |[0m        8 |   
[32mtests_1    |[0m        9 |   beforeAll(async () => {
[32mtests_1    |[0m     > 10 |     await db.query("DELETE FROM items");
[32mtests_1    |[0m          |     ^
[32mtests_1    |[0m       11 |     await db.query("DELETE FROM boxes");
[32mtests_1    |[0m       12 |     await db.query("DELETE FROM moves");
[32mtests_1    |[0m       13 |     await db.query("DELETE FROM users");
[32mtests_1    |[0m 
[32mtests_1    |[0m       at Object.<anonymous> (tests/routes/boxRoutes.test.js:10:5)
[32mtests_1    |[0m 
[32mtests_1    |[0m   ● Box Routes Automated Tests › Error Handling Tests › should handle invalid box creation
[32mtests_1    |[0m 
[32mtests_1    |[0m     ReferenceError: db is not defined
[32mtests_1    |[0m 
[32mtests_1    |[0m        8 |   
[32mtests_1    |[0m        9 |   beforeAll(async () => {
[32mtests_1    |[0m     > 10 |     await db.query("DELETE FROM items");
[32mtests_1    |[0m          |     ^
[32mtests_1    |[0m       11 |     await db.query("DELETE FROM boxes");
[32mtests_1    |[0m       12 |     await db.query("DELETE FROM moves");
[32mtests_1    |[0m       13 |     await db.query("DELETE FROM users");
[32mtests_1    |[0m 
[32mtests_1    |[0m       at Object.<anonymous> (tests/routes/boxRoutes.test.js:10:5)
[32mtests_1    |[0m 
[32mtests_1    |[0m   ● Box Routes Automated Tests › Error Handling Tests › should handle non-existent box operations
[32mtests_1    |[0m 
[32mtests_1    |[0m     ReferenceError: db is not defined
[32mtests_1    |[0m 
[32mtests_1    |[0m        8 |   
[32mtests_1    |[0m        9 |   beforeAll(async () => {
[32mtests_1    |[0m     > 10 |     await db.query("DELETE FROM items");
[32mtests_1    |[0m          |     ^
[32mtests_1    |[0m       11 |     await db.query("DELETE FROM boxes");
[32mtests_1    |[0m       12 |     await db.query("DELETE FROM moves");
[32mtests_1    |[0m       13 |     await db.query("DELETE FROM users");
[32mtests_1    |[0m 
[32mtests_1    |[0m       at Object.<anonymous> (tests/routes/boxRoutes.test.js:10:5)
[32mtests_1    |[0m 
[32mtests_1    |[0m   ● Box Routes Automated Tests › Query Parameter Tests › should filter boxes by location
[32mtests_1    |[0m 
[32mtests_1    |[0m     ReferenceError: db is not defined
[32mtests_1    |[0m 
[32mtests_1    |[0m        8 |   
[32mtests_1    |[0m        9 |   beforeAll(async () => {
[32mtests_1    |[0m     > 10 |     await db.query("DELETE FROM items");
[32mtests_1    |[0m          |     ^
[32mtests_1    |[0m       11 |     await db.query("DELETE FROM boxes");
[32mtests_1    |[0m       12 |     await db.query("DELETE FROM moves");
[32mtests_1    |[0m       13 |     await db.query("DELETE FROM users");
[32mtests_1    |[0m 
[32mtests_1    |[0m       at Object.<anonymous> (tests/routes/boxRoutes.test.js:10:5)
[32mtests_1    |[0m 
[32mtests_1    |[0m 
[32mtests_1    |[0m   ● Test suite failed to run
[32mtests_1    |[0m 
[32mtests_1    |[0m     ReferenceError: db is not defined
[32mtests_1    |[0m 
[32mtests_1    |[0m       29 |
[32mtests_1    |[0m       30 |   afterAll(async () => {
[32mtests_1    |[0m     > 31 |     await db.query("DELETE FROM items");
[32mtests_1    |[0m          |     ^
[32mtests_1    |[0m       32 |     await db.query("DELETE FROM boxes");
[32mtests_1    |[0m       33 |     await db.query("DELETE FROM moves");
[32mtests_1    |[0m       34 |     await db.query("DELETE FROM users");
[32mtests_1    |[0m 
[32mtests_1    |[0m       at Object.<anonymous> (tests/routes/boxRoutes.test.js:31:5)
[32mtests_1    |[0m 
[32mtests_1    |[0m   console.log
[32mtests_1    |[0m     QRBoxer Config:
[32mtests_1    |[0m 
[32mtests_1    |[0m       at Object.log (config/config.js:22:9)
[32mtests_1    |[0m 
[32mtests_1    |[0m   console.log
[32mtests_1    |[0m     SECRET_KEY: secret-dev
[32mtests_1    |[0m 
[32mtests_1    |[0m       at Object.log (config/config.js:23:9)
[32mtests_1    |[0m 
[32mtests_1    |[0m   console.log
[32mtests_1    |[0m     PORT: 3001
[32mtests_1    |[0m 
[32mtests_1    |[0m       at Object.log (config/config.js:24:9)
[32mtests_1    |[0m 
[32mtests_1    |[0m   console.log
[32mtests_1    |[0m     BCRYPT_WORK_FACTOR 1
[32mtests_1    |[0m 
[32mtests_1    |[0m       at Object.log (config/config.js:25:9)
[32mtests_1    |[0m 
[32mtests_1    |[0m   console.log
[32mtests_1    |[0m     Database: postgresql://test_user:test_password@test-db:5432/test_db
[32mtests_1    |[0m 
[32mtests_1    |[0m       at Object.log (config/config.js:26:9)
[32mtests_1    |[0m 
[32mtests_1    |[0m   console.log
[32mtests_1    |[0m     ---
[32mtests_1    |[0m 
[32mtests_1    |[0m       at Object.log (config/config.js:27:9)
[32mtests_1    |[0m 
[32mtests_1    |[0m   console.log
[32mtests_1    |[0m     POST /items hit with body: { description: 'Kitchen appliance', box: 1, image: 'test.jpg' }
[32mtests_1    |[0m 
[32mtests_1    |[0m       at log (routes/items.js:14:11)
[32mtests_1    |[0m 
[32mtests_1    |[0m POST /items 201 78 - 4.815 ms
[32mtests_1    |[0m   console.log
[32mtests_1    |[0m     POST /items hit with body: { description: 'Missing box field' }
[32mtests_1    |[0m 
[32mtests_1    |[0m       at log (routes/items.js:14:11)
[32mtests_1    |[0m 
[32mtests_1    |[0m   console.error
[32mtests_1    |[0m     POST /items error: BadRequestError: instance requires property "box"
[32mtests_1    |[0m         at /usr/src/app/routes/items.js:19:13
[32mtests_1    |[0m         at Layer.handle [as handle_request] (/usr/src/app/node_modules/express/lib/router/layer.js:95:5)
[32mtests_1    |[0m         at next (/usr/src/app/node_modules/express/lib/router/route.js:144:13)
[32mtests_1    |[0m         at Route.dispatch (/usr/src/app/node_modules/express/lib/router/route.js:114:3)
[32mtests_1    |[0m         at Layer.handle [as handle_request] (/usr/src/app/node_modules/express/lib/router/layer.js:95:5)
[32mtests_1    |[0m         at /usr/src/app/node_modules/express/lib/router/index.js:284:15
[32mtests_1    |[0m         at Function.process_params (/usr/src/app/node_modules/express/lib/router/index.js:346:12)
[32mtests_1    |[0m         at next (/usr/src/app/node_modules/express/lib/router/index.js:280:10)
[32mtests_1    |[0m         at Function.handle (/usr/src/app/node_modules/express/lib/router/index.js:175:3)
[32mtests_1    |[0m         at router (/usr/src/app/node_modules/express/lib/router/index.js:47:12)
[32mtests_1    |[0m         at Layer.handle [as handle_request] (/usr/src/app/node_modules/express/lib/router/layer.js:95:5)
[32mtests_1    |[0m         at trim_prefix (/usr/src/app/node_modules/express/lib/router/index.js:328:13)
[32mtests_1    |[0m         at /usr/src/app/node_modules/express/lib/router/index.js:286:9
[32mtests_1    |[0m         at Function.process_params (/usr/src/app/node_modules/express/lib/router/index.js:346:12)
[32mtests_1    |[0m         at next (/usr/src/app/node_modules/express/lib/router/index.js:280:10)
[32mtests_1    |[0m         at next (/usr/src/app/middleware/auth.js:15:12)
[32mtests_1    |[0m         at Layer.handle [as handle_request] (/usr/src/app/node_modules/express/lib/router/layer.js:95:5)
[32mtests_1    |[0m         at trim_prefix (/usr/src/app/node_modules/express/lib/router/index.js:328:13)
[32mtests_1    |[0m         at /usr/src/app/node_modules/express/lib/router/index.js:286:9
[32mtests_1    |[0m         at Function.process_params (/usr/src/app/node_modules/express/lib/router/index.js:346:12)
[32mtests_1    |[0m         at next (/usr/src/app/node_modules/express/lib/router/index.js:280:10)
[32mtests_1    |[0m         at logger (/usr/src/app/node_modules/morgan/index.js:144:5)
[32mtests_1    |[0m         at Layer.handle [as handle_request] (/usr/src/app/node_modules/express/lib/router/layer.js:95:5)
[32mtests_1    |[0m         at trim_prefix (/usr/src/app/node_modules/express/lib/router/index.js:328:13)
[32mtests_1    |[0m         at /usr/src/app/node_modules/express/lib/router/index.js:286:9
[32mtests_1    |[0m         at Function.process_params (/usr/src/app/node_modules/express/lib/router/index.js:346:12)
[32mtests_1    |[0m         at next (/usr/src/app/node_modules/express/lib/router/index.js:280:10)
[32mtests_1    |[0m         at /usr/src/app/node_modules/body-parser/lib/read.js:137:5
[32mtests_1    |[0m         at AsyncResource.runInAsyncScope (node:async_hooks:203:9)
[32mtests_1    |[0m         at invokeCallback (/usr/src/app/node_modules/raw-body/index.js:231:16)
[32mtests_1    |[0m         at done (/usr/src/app/node_modules/raw-body/index.js:220:7)
[32mtests_1    |[0m         at IncomingMessage.onEnd (/usr/src/app/node_modules/raw-body/index.js:280:7)
[32mtests_1    |[0m         at IncomingMessage.emit (node:events:525:35)
[32mtests_1    |[0m         at endReadableNT (node:internal/streams/readable:1358:12)
[32mtests_1    |[0m         at processTicksAndRejections (node:internal/process/task_queues:83:21) {
[32mtests_1    |[0m       status: 400
[32mtests_1    |[0m     }
[32mtests_1    |[0m 
[32mtests_1    |[0m       23 |     return res.status(201).json({ item });
[32mtests_1    |[0m       24 |   } catch (err) {
[32mtests_1    |[0m     > 25 |     console.error("POST /items error:", err); // Add error logging
[32mtests_1    |[0m          |             ^
[32mtests_1    |[0m       26 |     return next(err);
[32mtests_1    |[0m       27 |   }
[32mtests_1    |[0m       28 | });
[32mtests_1    |[0m 
[32mtests_1    |[0m       at error (routes/items.js:25:13)
[32mtests_1    |[0m       at Layer.handle [as handle_request] (node_modules/express/lib/router/layer.js:95:5)
[32mtests_1    |[0m       at next (node_modules/express/lib/router/route.js:144:13)
[32mtests_1    |[0m       at Route.dispatch (node_modules/express/lib/router/route.js:114:3)
[32mtests_1    |[0m       at Layer.handle [as handle_request] (node_modules/express/lib/router/layer.js:95:5)
[32mtests_1    |[0m       at node_modules/express/lib/router/index.js:284:15
[32mtests_1    |[0m       at Function.process_params (node_modules/express/lib/router/index.js:346:12)
[32mtests_1    |[0m       at next (node_modules/express/lib/router/index.js:280:10)
[32mtests_1    |[0m       at Function.handle (node_modules/express/lib/router/index.js:175:3)
[32mtests_1    |[0m       at router (node_modules/express/lib/router/index.js:47:12)
[32mtests_1    |[0m       at Layer.handle [as handle_request] (node_modules/express/lib/router/layer.js:95:5)
[32mtests_1    |[0m       at trim_prefix (node_modules/express/lib/router/index.js:328:13)
[32mtests_1    |[0m       at node_modules/express/lib/router/index.js:286:9
[32mtests_1    |[0m       at Function.process_params (node_modules/express/lib/router/index.js:346:12)
[32mtests_1    |[0m       at next (node_modules/express/lib/router/index.js:280:10)
[32mtests_1    |[0m       at next (middleware/auth.js:15:12)
[32mtests_1    |[0m       at Layer.handle [as handle_request] (node_modules/express/lib/router/layer.js:95:5)
[32mtests_1    |[0m       at trim_prefix (node_modules/express/lib/router/index.js:328:13)
[32mtests_1    |[0m       at node_modules/express/lib/router/index.js:286:9
[32mtests_1    |[0m       at Function.process_params (node_modules/express/lib/router/index.js:346:12)
[32mtests_1    |[0m       at next (node_modules/express/lib/router/index.js:280:10)
[32mtests_1    |[0m       at logger (node_modules/morgan/index.js:144:5)
[32mtests_1    |[0m       at Layer.handle [as handle_request] (node_modules/express/lib/router/layer.js:95:5)
[32mtests_1    |[0m       at trim_prefix (node_modules/express/lib/router/index.js:328:13)
[32mtests_1    |[0m       at node_modules/express/lib/router/index.js:286:9
[32mtests_1    |[0m       at Function.process_params (node_modules/express/lib/router/index.js:346:12)
[32mtests_1    |[0m       at next (node_modules/express/lib/router/index.js:280:10)
[32mtests_1    |[0m       at node_modules/body-parser/lib/read.js:137:5
[32mtests_1    |[0m       at invokeCallback (node_modules/raw-body/index.js:231:16)
[32mtests_1    |[0m       at done (node_modules/raw-body/index.js:220:7)
[32mtests_1    |[0m       at IncomingMessage.onEnd (node_modules/raw-body/index.js:280:7)
[32mtests_1    |[0m 
[32mtests_1    |[0m POST /items 400 73 - 17.977 ms
[32mtests_1    |[0m   console.log
[32mtests_1    |[0m     POST /items hit with body: { description: 'Test description', box: 'not-a-number' }
[32mtests_1    |[0m 
[32mtests_1    |[0m       at log (routes/items.js:14:11)
[32mtests_1    |[0m 
[32mtests_1    |[0m   console.error
[32mtests_1    |[0m     POST /items error: BadRequestError: instance.box is not of a type(s) integer
[32mtests_1    |[0m         at /usr/src/app/routes/items.js:19:13
[32mtests_1    |[0m         at Layer.handle [as handle_request] (/usr/src/app/node_modules/express/lib/router/layer.js:95:5)
[32mtests_1    |[0m         at next (/usr/src/app/node_modules/express/lib/router/route.js:144:13)
[32mtests_1    |[0m         at Route.dispatch (/usr/src/app/node_modules/express/lib/router/route.js:114:3)
[32mtests_1    |[0m         at Layer.handle [as handle_request] (/usr/src/app/node_modules/express/lib/router/layer.js:95:5)
[32mtests_1    |[0m         at /usr/src/app/node_modules/express/lib/router/index.js:284:15
[32mtests_1    |[0m         at Function.process_params (/usr/src/app/node_modules/express/lib/router/index.js:346:12)
[32mtests_1    |[0m         at next (/usr/src/app/node_modules/express/lib/router/index.js:280:10)
[32mtests_1    |[0m         at Function.handle (/usr/src/app/node_modules/express/lib/router/index.js:175:3)
[32mtests_1    |[0m         at router (/usr/src/app/node_modules/express/lib/router/index.js:47:12)
[32mtests_1    |[0m         at Layer.handle [as handle_request] (/usr/src/app/node_modules/express/lib/router/layer.js:95:5)
[32mtests_1    |[0m         at trim_prefix (/usr/src/app/node_modules/express/lib/router/index.js:328:13)
[32mtests_1    |[0m         at /usr/src/app/node_modules/express/lib/router/index.js:286:9
[32mtests_1    |[0m         at Function.process_params (/usr/src/app/node_modules/express/lib/router/index.js:346:12)
[32mtests_1    |[0m         at next (/usr/src/app/node_modules/express/lib/router/index.js:280:10)
[32mtests_1    |[0m         at next (/usr/src/app/middleware/auth.js:15:12)
[32mtests_1    |[0m         at Layer.handle [as handle_request] (/usr/src/app/node_modules/express/lib/router/layer.js:95:5)
[32mtests_1    |[0m         at trim_prefix (/usr/src/app/node_modules/express/lib/router/index.js:328:13)
[32mtests_1    |[0m         at /usr/src/app/node_modules/express/lib/router/index.js:286:9
[32mtests_1    |[0m         at Function.process_params (/usr/src/app/node_modules/express/lib/router/index.js:346:12)
[32mtests_1    |[0m         at next (/usr/src/app/node_modules/express/lib/router/index.js:280:10)
[32mtests_1    |[0m         at logger (/usr/src/app/node_modules/morgan/index.js:144:5)
[32mtests_1    |[0m         at Layer.handle [as handle_request] (/usr/src/app/node_modules/express/lib/router/layer.js:95:5)
[32mtests_1    |[0m         at trim_prefix (/usr/src/app/node_modules/express/lib/router/index.js:328:13)
[32mtests_1    |[0m         at /usr/src/app/node_modules/express/lib/router/index.js:286:9
[32mtests_1    |[0m         at Function.process_params (/usr/src/app/node_modules/express/lib/router/index.js:346:12)
[32mtests_1    |[0m         at next (/usr/src/app/node_modules/express/lib/router/index.js:280:10)
[32mtests_1    |[0m         at /usr/src/app/node_modules/body-parser/lib/read.js:137:5
[32mtests_1    |[0m         at AsyncResource.runInAsyncScope (node:async_hooks:203:9)
[32mtests_1    |[0m         at invokeCallback (/usr/src/app/node_modules/raw-body/index.js:231:16)
[32mtests_1    |[0m         at done (/usr/src/app/node_modules/raw-body/index.js:220:7)
[32mtests_1    |[0m         at IncomingMessage.onEnd (/usr/src/app/node_modules/raw-body/index.js:280:7)
[32mtests_1    |[0m         at IncomingMessage.emit (node:events:525:35)
[32mtests_1    |[0m         at endReadableNT (node:internal/streams/readable:1358:12)
[32mtests_1    |[0m         at processTicksAndRejections (node:internal/process/task_queues:83:21) {
[32mtests_1    |[0m       status: 400
[32mtests_1    |[0m     }
[32mtests_1    |[0m 
[32mtests_1    |[0m       23 |     return res.status(201).json({ item });
[32mtests_1    |[0m       24 |   } catch (err) {
[32mtests_1    |[0m     > 25 |     console.error("POST /items error:", err); // Add error logging
[32mtests_1    |[0m          |             ^
[32mtests_1    |[0m       26 |     return next(err);
[32mtests_1    |[0m       27 |   }
[32mtests_1    |[0m       28 | });
[32mtests_1    |[0m 
[32mtests_1    |[0m       at error (routes/items.js:25:13)
[32mtests_1    |[0m       at Layer.handle [as handle_request] (node_modules/express/lib/router/layer.js:95:5)
[32mtests_1    |[0m       at next (node_modules/express/lib/router/route.js:144:13)
[32mtests_1    |[0m       at Route.dispatch (node_modules/express/lib/router/route.js:114:3)
[32mtests_1    |[0m       at Layer.handle [as handle_request] (node_modules/express/lib/router/layer.js:95:5)
[32mtests_1    |[0m       at node_modules/express/lib/router/index.js:284:15
[32mtests_1    |[0m       at Function.process_params (node_modules/express/lib/router/index.js:346:12)
[32mtests_1    |[0m       at next (node_modules/express/lib/router/index.js:280:10)
[32mtests_1    |[0m       at Function.handle (node_modules/express/lib/router/index.js:175:3)
[32mtests_1    |[0m       at router (node_modules/express/lib/router/index.js:47:12)
[32mtests_1    |[0m       at Layer.handle [as handle_request] (node_modules/express/lib/router/layer.js:95:5)
[32mtests_1    |[0m       at trim_prefix (node_modules/express/lib/router/index.js:328:13)
[32mtests_1    |[0m       at node_modules/express/lib/router/index.js:286:9
[32mtests_1    |[0m       at Function.process_params (node_modules/express/lib/router/index.js:346:12)
[32mtests_1    |[0m       at next (node_modules/express/lib/router/index.js:280:10)
[32mtests_1    |[0m       at next (middleware/auth.js:15:12)
[32mtests_1    |[0m       at Layer.handle [as handle_request] (node_modules/express/lib/router/layer.js:95:5)
[32mtests_1    |[0m       at trim_prefix (node_modules/express/lib/router/index.js:328:13)
[32mtests_1    |[0m       at node_modules/express/lib/router/index.js:286:9
[32mtests_1    |[0m       at Function.process_params (node_modules/express/lib/router/index.js:346:12)
[32mtests_1    |[0m       at next (node_modules/express/lib/router/index.js:280:10)
[32mtests_1    |[0m       at logger (node_modules/morgan/index.js:144:5)
[32mtests_1    |[0m       at Layer.handle [as handle_request] (node_modules/express/lib/router/layer.js:95:5)
[32mtests_1    |[0m       at trim_prefix (node_modules/express/lib/router/index.js:328:13)
[32mtests_1    |[0m       at node_modules/express/lib/router/index.js:286:9
[32mtests_1    |[0m       at Function.process_params (node_modules/express/lib/router/index.js:346:12)
[32mtests_1    |[0m       at next (node_modules/express/lib/router/index.js:280:10)
[32mtests_1    |[0m       at node_modules/body-parser/lib/read.js:137:5
[32mtests_1    |[0m       at invokeCallback (node_modules/raw-body/index.js:231:16)
[32mtests_1    |[0m       at done (node_modules/raw-body/index.js:220:7)
[32mtests_1    |[0m       at IncomingMessage.onEnd (node_modules/raw-body/index.js:280:7)
[32mtests_1    |[0m 
[32mtests_1    |[0m POST /items 400 79 - 11.871 ms
[32mtests_1    |[0m   console.log
[32mtests_1    |[0m     GET /items hit with query: {}
[32mtests_1    |[0m 
[32mtests_1    |[0m       at log (routes/items.js:31:11)
[32mtests_1    |[0m 
[32mtests_1    |[0m GET /items 200 149 - 2.888 ms
[32mtests_1    |[0m   console.log
[32mtests_1    |[0m     GET /items hit with query: { box: '1' }
[32mtests_1    |[0m 
[32mtests_1    |[0m       at log (routes/items.js:31:11)
[32mtests_1    |[0m 
[32mtests_1    |[0m GET /items?box=1 200 82 - 2.746 ms
[32mtests_1    |[0m   console.log
[32mtests_1    |[0m     GET /items/:id hit with id: 1
[32mtests_1    |[0m 
[32mtests_1    |[0m       at log (routes/items.js:42:11)
[32mtests_1    |[0m 
[32mtests_1    |[0m GET /items/1 200 78 - 3.072 ms
[32mtests_1    |[0m   console.log
[32mtests_1    |[0m     GET /items/:id hit with id: 0
[32mtests_1    |[0m 
[32mtests_1    |[0m       at log (routes/items.js:42:11)
[32mtests_1    |[0m 
[32mtests_1    |[0m   console.error
[32mtests_1    |[0m     GET /items/:id error: NotFoundError: No item: 0
[32mtests_1    |[0m         at Object.<anonymous> (/usr/src/app/tests/routes/itemRoutes.test.js:140:34)
[32mtests_1    |[0m         at Promise.then.completed (/usr/src/app/node_modules/jest-circus/build/utils.js:298:28)
[32mtests_1    |[0m         at new Promise (<anonymous>)
[32mtests_1    |[0m         at callAsyncCircusFn (/usr/src/app/node_modules/jest-circus/build/utils.js:231:10)
[32mtests_1    |[0m         at _callCircusTest (/usr/src/app/node_modules/jest-circus/build/run.js:316:40)
[32mtests_1    |[0m         at processTicksAndRejections (node:internal/process/task_queues:96:5)
[32mtests_1    |[0m         at _runTest (/usr/src/app/node_modules/jest-circus/build/run.js:252:3)
[32mtests_1    |[0m         at _runTestsForDescribeBlock (/usr/src/app/node_modules/jest-circus/build/run.js:126:9)
[32mtests_1    |[0m         at _runTestsForDescribeBlock (/usr/src/app/node_modules/jest-circus/build/run.js:121:9)
[32mtests_1    |[0m         at _runTestsForDescribeBlock (/usr/src/app/node_modules/jest-circus/build/run.js:121:9)
[32mtests_1    |[0m         at run (/usr/src/app/node_modules/jest-circus/build/run.js:71:3)
[32mtests_1    |[0m         at runAndTransformResultsToJestFormat (/usr/src/app/node_modules/jest-circus/build/legacy-code-todo-rewrite/jestAdapterInit.js:122:21)
[32mtests_1    |[0m         at jestAdapter (/usr/src/app/node_modules/jest-circus/build/legacy-code-todo-rewrite/jestAdapter.js:79:19)
[32mtests_1    |[0m         at runTestInternal (/usr/src/app/node_modules/jest-runner/build/runTest.js:367:16)
[32mtests_1    |[0m         at runTest (/usr/src/app/node_modules/jest-runner/build/runTest.js:444:34) {
[32mtests_1    |[0m       status: 404
[32mtests_1    |[0m     }
[32mtests_1    |[0m 
[32mtests_1    |[0m       45 |     return res.json({ item });
[32mtests_1    |[0m       46 |   } catch (err) {
[32mtests_1    |[0m     > 47 |     console.error("GET /items/:id error:", err); // Add error logging
[32mtests_1    |[0m          |             ^
[32mtests_1    |[0m       48 |     return next(err);
[32mtests_1    |[0m       49 |   }
[32mtests_1    |[0m       50 | });
[32mtests_1    |[0m 
[32mtests_1    |[0m       at error (routes/items.js:47:13)
[32mtests_1    |[0m 
[32mtests_1    |[0m GET /items/0 404 47 - 8.228 ms
[32mtests_1    |[0m   console.log
[32mtests_1    |[0m     PATCH /items/:id hit with id: 1 body: {
[32mtests_1    |[0m       description: 'Updated Kitchen appliance',
[32mtests_1    |[0m       box: 2,
[32mtests_1    |[0m       image: 'updated.jpg'
[32mtests_1    |[0m     }
[32mtests_1    |[0m 
[32mtests_1    |[0m       at log (routes/items.js:53:11)
[32mtests_1    |[0m 
[32mtests_1    |[0m PATCH /items/1 200 89 - 2.537 ms
[32mtests_1    |[0m   console.log
[32mtests_1    |[0m     PATCH /items/:id hit with id: 1 body: { box: 'not-a-number' }
[32mtests_1    |[0m 
[32mtests_1    |[0m       at log (routes/items.js:53:11)
[32mtests_1    |[0m 
[32mtests_1    |[0m   console.error
[32mtests_1    |[0m     PATCH /items/:id error: BadRequestError: instance.box is not of a type(s) integer
[32mtests_1    |[0m         at /usr/src/app/routes/items.js:58:13
[32mtests_1    |[0m         at Layer.handle [as handle_request] (/usr/src/app/node_modules/express/lib/router/layer.js:95:5)
[32mtests_1    |[0m         at next (/usr/src/app/node_modules/express/lib/router/route.js:144:13)
[32mtests_1    |[0m         at Route.dispatch (/usr/src/app/node_modules/express/lib/router/route.js:114:3)
[32mtests_1    |[0m         at Layer.handle [as handle_request] (/usr/src/app/node_modules/express/lib/router/layer.js:95:5)
[32mtests_1    |[0m         at /usr/src/app/node_modules/express/lib/router/index.js:284:15
[32mtests_1    |[0m         at param (/usr/src/app/node_modules/express/lib/router/index.js:365:14)
[32mtests_1    |[0m         at param (/usr/src/app/node_modules/express/lib/router/index.js:376:14)
[32mtests_1    |[0m         at Function.process_params (/usr/src/app/node_modules/express/lib/router/index.js:421:3)
[32mtests_1    |[0m         at next (/usr/src/app/node_modules/express/lib/router/index.js:280:10)
[32mtests_1    |[0m         at Function.handle (/usr/src/app/node_modules/express/lib/router/index.js:175:3)
[32mtests_1    |[0m         at router (/usr/src/app/node_modules/express/lib/router/index.js:47:12)
[32mtests_1    |[0m         at Layer.handle [as handle_request] (/usr/src/app/node_modules/express/lib/router/layer.js:95:5)
[32mtests_1    |[0m         at trim_prefix (/usr/src/app/node_modules/express/lib/router/index.js:328:13)
[32mtests_1    |[0m         at /usr/src/app/node_modules/express/lib/router/index.js:286:9
[32mtests_1    |[0m         at Function.process_params (/usr/src/app/node_modules/express/lib/router/index.js:346:12)
[32mtests_1    |[0m         at next (/usr/src/app/node_modules/express/lib/router/index.js:280:10)
[32mtests_1    |[0m         at next (/usr/src/app/middleware/auth.js:15:12)
[32mtests_1    |[0m         at Layer.handle [as handle_request] (/usr/src/app/node_modules/express/lib/router/layer.js:95:5)
[32mtests_1    |[0m         at trim_prefix (/usr/src/app/node_modules/express/lib/router/index.js:328:13)
[32mtests_1    |[0m         at /usr/src/app/node_modules/express/lib/router/index.js:286:9
[32mtests_1    |[0m         at Function.process_params (/usr/src/app/node_modules/express/lib/router/index.js:346:12)
[32mtests_1    |[0m         at next (/usr/src/app/node_modules/express/lib/router/index.js:280:10)
[32mtests_1    |[0m         at logger (/usr/src/app/node_modules/morgan/index.js:144:5)
[32mtests_1    |[0m         at Layer.handle [as handle_request] (/usr/src/app/node_modules/express/lib/router/layer.js:95:5)
[32mtests_1    |[0m         at trim_prefix (/usr/src/app/node_modules/express/lib/router/index.js:328:13)
[32mtests_1    |[0m         at /usr/src/app/node_modules/express/lib/router/index.js:286:9
[32mtests_1    |[0m         at Function.process_params (/usr/src/app/node_modules/express/lib/router/index.js:346:12)
[32mtests_1    |[0m         at next (/usr/src/app/node_modules/express/lib/router/index.js:280:10)
[32mtests_1    |[0m         at /usr/src/app/node_modules/body-parser/lib/read.js:137:5
[32mtests_1    |[0m         at AsyncResource.runInAsyncScope (node:async_hooks:203:9)
[32mtests_1    |[0m         at invokeCallback (/usr/src/app/node_modules/raw-body/index.js:231:16)
[32mtests_1    |[0m         at done (/usr/src/app/node_modules/raw-body/index.js:220:7)
[32mtests_1    |[0m         at IncomingMessage.onEnd (/usr/src/app/node_modules/raw-body/index.js:280:7)
[32mtests_1    |[0m         at IncomingMessage.emit (node:events:525:35)
[32mtests_1    |[0m         at endReadableNT (node:internal/streams/readable:1358:12)
[32mtests_1    |[0m         at processTicksAndRejections (node:internal/process/task_queues:83:21) {
[32mtests_1    |[0m       status: 400
[32mtests_1    |[0m     }
[32mtests_1    |[0m 
[32mtests_1    |[0m       62 |     return res.json({ item });
[32mtests_1    |[0m       63 |   } catch (err) {
[32mtests_1    |[0m     > 64 |     console.error("PATCH /items/:id error:", err); // Add error logging
[32mtests_1    |[0m          |             ^
[32mtests_1    |[0m       65 |     return next(err);
[32mtests_1    |[0m       66 |   }
[32mtests_1    |[0m       67 | });
[32mtests_1    |[0m 
[32mtests_1    |[0m       at error (routes/items.js:64:13)
[32mtests_1    |[0m       at Layer.handle [as handle_request] (node_modules/express/lib/router/layer.js:95:5)
[32mtests_1    |[0m       at next (node_modules/express/lib/router/route.js:144:13)
[32mtests_1    |[0m       at Route.dispatch (node_modules/express/lib/router/route.js:114:3)
[32mtests_1    |[0m       at Layer.handle [as handle_request] (node_modules/express/lib/router/layer.js:95:5)
[32mtests_1    |[0m       at node_modules/express/lib/router/index.js:284:15
[32mtests_1    |[0m       at param (node_modules/express/lib/router/index.js:365:14)
[32mtests_1    |[0m       at param (node_modules/express/lib/router/index.js:376:14)
[32mtests_1    |[0m       at Function.process_params (node_modules/express/lib/router/index.js:421:3)
[32mtests_1    |[0m       at next (node_modules/express/lib/router/index.js:280:10)
[32mtests_1    |[0m       at Function.handle (node_modules/express/lib/router/index.js:175:3)
[32mtests_1    |[0m       at router (node_modules/express/lib/router/index.js:47:12)
[32mtests_1    |[0m       at Layer.handle [as handle_request] (node_modules/express/lib/router/layer.js:95:5)
[32mtests_1    |[0m       at trim_prefix (node_modules/express/lib/router/index.js:328:13)
[32mtests_1    |[0m       at node_modules/express/lib/router/index.js:286:9
[32mtests_1    |[0m       at Function.process_params (node_modules/express/lib/router/index.js:346:12)
[32mtests_1    |[0m       at next (node_modules/express/lib/router/index.js:280:10)
[32mtests_1    |[0m       at next (middleware/auth.js:15:12)
[32mtests_1    |[0m       at Layer.handle [as handle_request] (node_modules/express/lib/router/layer.js:95:5)
[32mtests_1    |[0m       at trim_prefix (node_modules/express/lib/router/index.js:328:13)
[32mtests_1    |[0m       at node_modules/express/lib/router/index.js:286:9
[32mtests_1    |[0m       at Function.process_params (node_modules/express/lib/router/index.js:346:12)
[32mtests_1    |[0m       at next (node_modules/express/lib/router/index.js:280:10)
[32mtests_1    |[0m       at logger (node_modules/morgan/index.js:144:5)
[32mtests_1    |[0m       at Layer.handle [as handle_request] (node_modules/express/lib/router/layer.js:95:5)
[32mtests_1    |[0m       at trim_prefix (node_modules/express/lib/router/index.js:328:13)
[32mtests_1    |[0m       at node_modules/express/lib/router/index.js:286:9
[32mtests_1    |[0m       at Function.process_params (node_modules/express/lib/router/index.js:346:12)
[32mtests_1    |[0m       at next (node_modules/express/lib/router/index.js:280:10)
[32mtests_1    |[0m       at node_modules/body-parser/lib/read.js:137:5
[32mtests_1    |[0m       at invokeCallback (node_modules/raw-body/index.js:231:16)
[32mtests_1    |[0m       at done (node_modules/raw-body/index.js:220:7)
[32mtests_1    |[0m       at IncomingMessage.onEnd (node_modules/raw-body/index.js:280:7)
[32mtests_1    |[0m 
[32mtests_1    |[0m PATCH /items/1 400 79 - 7.234 ms
[32mtests_1    |[0m   console.log
[32mtests_1    |[0m     PATCH /items/:id hit with id: 0 body: { description: 'Updated description' }
[32mtests_1    |[0m 
[32mtests_1    |[0m       at log (routes/items.js:53:11)
[32mtests_1    |[0m 
[32mtests_1    |[0m   console.error
[32mtests_1    |[0m     PATCH /items/:id error: NotFoundError: No item: 0
[32mtests_1    |[0m         at Object.<anonymous> (/usr/src/app/tests/routes/itemRoutes.test.js:185:37)
[32mtests_1    |[0m         at Promise.then.completed (/usr/src/app/node_modules/jest-circus/build/utils.js:298:28)
[32mtests_1    |[0m         at new Promise (<anonymous>)
[32mtests_1    |[0m         at callAsyncCircusFn (/usr/src/app/node_modules/jest-circus/build/utils.js:231:10)
[32mtests_1    |[0m         at _callCircusTest (/usr/src/app/node_modules/jest-circus/build/run.js:316:40)
[32mtests_1    |[0m         at processTicksAndRejections (node:internal/process/task_queues:96:5)
[32mtests_1    |[0m         at _runTest (/usr/src/app/node_modules/jest-circus/build/run.js:252:3)
[32mtests_1    |[0m         at _runTestsForDescribeBlock (/usr/src/app/node_modules/jest-circus/build/run.js:126:9)
[32mtests_1    |[0m         at _runTestsForDescribeBlock (/usr/src/app/node_modules/jest-circus/build/run.js:121:9)
[32mtests_1    |[0m         at _runTestsForDescribeBlock (/usr/src/app/node_modules/jest-circus/build/run.js:121:9)
[32mtests_1    |[0m         at run (/usr/src/app/node_modules/jest-circus/build/run.js:71:3)
[32mtests_1    |[0m         at runAndTransformResultsToJestFormat (/usr/src/app/node_modules/jest-circus/build/legacy-code-todo-rewrite/jestAdapterInit.js:122:21)
[32mtests_1    |[0m         at jestAdapter (/usr/src/app/node_modules/jest-circus/build/legacy-code-todo-rewrite/jestAdapter.js:79:19)
[32mtests_1    |[0m         at runTestInternal (/usr/src/app/node_modules/jest-runner/build/runTest.js:367:16)
[32mtests_1    |[0m         at runTest (/usr/src/app/node_modules/jest-runner/build/runTest.js:444:34) {
[32mtests_1    |[0m       status: 404
[32mtests_1    |[0m     }
[32mtests_1    |[0m 
[32mtests_1    |[0m       62 |     return res.json({ item });
[32mtests_1    |[0m       63 |   } catch (err) {
[32mtests_1    |[0m     > 64 |     console.error("PATCH /items/:id error:", err); // Add error logging
[32mtests_1    |[0m          |             ^
[32mtests_1    |[0m       65 |     return next(err);
[32mtests_1    |[0m       66 |   }
[32mtests_1    |[0m       67 | });
[32mtests_1    |[0m 
[32mtests_1    |[0m       at error (routes/items.js:64:13)
[32mtests_1    |[0m 
[32mtests_1    |[0m PATCH /items/0 404 47 - 6.638 ms
[32mtests_1    |[0m   console.log
[32mtests_1    |[0m     DELETE /items/:id hit with id: 1
[32mtests_1    |[0m 
[32mtests_1    |[0m       at log (routes/items.js:70:11)
[32mtests_1    |[0m 
[32mtests_1    |[0m DELETE /items/1 200 13 - 2.887 ms
[32mtests_1    |[0m   console.log
[32mtests_1    |[0m     DELETE /items/:id hit with id: 0
[32mtests_1    |[0m 
[32mtests_1    |[0m       at log (routes/items.js:70:11)
[32mtests_1    |[0m 
[32mtests_1    |[0m   console.error
[32mtests_1    |[0m     DELETE /items/:id error: NotFoundError: No item: 0
[32mtests_1    |[0m         at Object.<anonymous> (/usr/src/app/tests/routes/itemRoutes.test.js:208:37)
[32mtests_1    |[0m         at Promise.then.completed (/usr/src/app/node_modules/jest-circus/build/utils.js:298:28)
[32mtests_1    |[0m         at new Promise (<anonymous>)
[32mtests_1    |[0m         at callAsyncCircusFn (/usr/src/app/node_modules/jest-circus/build/utils.js:231:10)
[32mtests_1    |[0m         at _callCircusTest (/usr/src/app/node_modules/jest-circus/build/run.js:316:40)
[32mtests_1    |[0m         at processTicksAndRejections (node:internal/process/task_queues:96:5)
[32mtests_1    |[0m         at _runTest (/usr/src/app/node_modules/jest-circus/build/run.js:252:3)
[32mtests_1    |[0m         at _runTestsForDescribeBlock (/usr/src/app/node_modules/jest-circus/build/run.js:126:9)
[32mtests_1    |[0m         at _runTestsForDescribeBlock (/usr/src/app/node_modules/jest-circus/build/run.js:121:9)
[32mtests_1    |[0m         at _runTestsForDescribeBlock (/usr/src/app/node_modules/jest-circus/build/run.js:121:9)
[32mtests_1    |[0m         at run (/usr/src/app/node_modules/jest-circus/build/run.js:71:3)
[32mtests_1    |[0m         at runAndTransformResultsToJestFormat (/usr/src/app/node_modules/jest-circus/build/legacy-code-todo-rewrite/jestAdapterInit.js:122:21)
[32mtests_1    |[0m         at jestAdapter (/usr/src/app/node_modules/jest-circus/build/legacy-code-todo-rewrite/jestAdapter.js:79:19)
[32mtests_1    |[0m         at runTestInternal (/usr/src/app/node_modules/jest-runner/build/runTest.js:367:16)
[32mtests_1    |[0m         at runTest (/usr/src/app/node_modules/jest-runner/build/runTest.js:444:34) {
[32mtests_1    |[0m       status: 404
[32mtests_1    |[0m     }
[32mtests_1    |[0m 
[32mtests_1    |[0m       73 |     return res.json({ deleted: +req.params.id });
[32mtests_1    |[0m       74 |   } catch (err) {
[32mtests_1    |[0m     > 75 |     console.error("DELETE /items/:id error:", err); // Add error logging
[32mtests_1    |[0m          |             ^
[32mtests_1    |[0m       76 |     return next(err);
[32mtests_1    |[0m       77 |   }
[32mtests_1    |[0m       78 | });
[32mtests_1    |[0m 
[32mtests_1    |[0m       at error (routes/items.js:75:13)
[32mtests_1    |[0m 
[32mtests_1    |[0m DELETE /items/0 404 47 - 4.097 ms
[32mtests_1    |[0m PASS tests/routes/itemRoutes.test.js
[32mtests_1    |[0m   Item Routes Test
[32mtests_1    |[0m     POST /items
[32mtests_1    |[0m       ✓ works: creates a new item (26 ms)
[32mtests_1    |[0m       ✓ bad request with missing data (30 ms)
[32mtests_1    |[0m       ✓ bad request with invalid data type (20 ms)
[32mtests_1    |[0m     GET /items
[32mtests_1    |[0m       ✓ works: gets all items (12 ms)
[32mtests_1    |[0m       ✓ works: filtering with query (11 ms)
[32mtests_1    |[0m     GET /items/:id
[32mtests_1    |[0m       ✓ works: gets item by id (11 ms)
[32mtests_1    |[0m       ✓ not found for non-existent item (17 ms)
[32mtests_1    |[0m     PATCH /items/:id
[32mtests_1    |[0m       ✓ works: updates item (11 ms)
[32mtests_1    |[0m       ✓ bad request with invalid data (21 ms)
[32mtests_1    |[0m       ✓ not found for non-existent item (29 ms)
[32mtests_1    |[0m     DELETE /items/:id
[32mtests_1    |[0m       ✓ works: deletes item (10 ms)
[32mtests_1    |[0m       ✓ not found for non-existent item (11 ms)
[32mtests_1    |[0m 
[32mtests_1    |[0m   console.log
[32mtests_1    |[0m     QRBoxer Config:
[32mtests_1    |[0m 
[32mtests_1    |[0m       at Object.log (config/config.js:22:9)
[32mtests_1    |[0m 
[32mtests_1    |[0m   console.log
[32mtests_1    |[0m     SECRET_KEY: secret-dev
[32mtests_1    |[0m 
[32mtests_1    |[0m       at Object.log (config/config.js:23:9)
[32mtests_1    |[0m 
[32mtests_1    |[0m   console.log
[32mtests_1    |[0m     PORT: 3001
[32mtests_1    |[0m 
[32mtests_1    |[0m       at Object.log (config/config.js:24:9)
[32mtests_1    |[0m 
[32mtests_1    |[0m   console.log
[32mtests_1    |[0m     BCRYPT_WORK_FACTOR 1
[32mtests_1    |[0m 
[32mtests_1    |[0m       at Object.log (config/config.js:25:9)
[32mtests_1    |[0m 
[32mtests_1    |[0m   console.log
[32mtests_1    |[0m     Database: postgresql://test_user:test_password@test-db:5432/test_db
[32mtests_1    |[0m 
[32mtests_1    |[0m       at Object.log (config/config.js:26:9)
[32mtests_1    |[0m 
[32mtests_1    |[0m   console.log
[32mtests_1    |[0m     ---
[32mtests_1    |[0m 
[32mtests_1    |[0m       at Object.log (config/config.js:27:9)
[32mtests_1    |[0m 
[32mtests_1    |[0m FAIL tests/models/user.test.js
[32mtests_1    |[0m   User Model Tests
[32mtests_1    |[0m     authenticate
[32mtests_1    |[0m       ✕ works with valid credentials (2 ms)
[32mtests_1    |[0m       ✕ fails with wrong password (1 ms)
[32mtests_1    |[0m       ✕ fails with non-existent user (1 ms)
[32mtests_1    |[0m     register
[32mtests_1    |[0m       ✕ works (1 ms)
[32mtests_1    |[0m       ✕ fails with duplicate username (1 ms)
[32mtests_1    |[0m     findAll
[32mtests_1    |[0m       ✕ works
[32mtests_1    |[0m     get
[32mtests_1    |[0m       ✕ works
[32mtests_1    |[0m       ✕ not found if no such user
[32mtests_1    |[0m     update
[32mtests_1    |[0m       ✕ works (1 ms)
[32mtests_1    |[0m     remove
[32mtests_1    |[0m       ✕ works (1 ms)
[32mtests_1    |[0m       ✕ not found if no such user (1 ms)
[32mtests_1    |[0m 
[32mtests_1    |[0m   ● User Model Tests › authenticate › works with valid credentials
[32mtests_1    |[0m 
[32mtests_1    |[0m     ReferenceError: db is not defined
[32mtests_1    |[0m 
[32mtests_1    |[0m       11 | describe("User Model Tests", () => {
[32mtests_1    |[0m       12 |   beforeEach(async () => {
[32mtests_1    |[0m     > 13 |     await db.query("DELETE FROM moves");
[32mtests_1    |[0m          |     ^
[32mtests_1    |[0m       14 |     await db.query("DELETE FROM users");
[32mtests_1    |[0m       15 |     
[32mtests_1    |[0m       16 |     await User.register({
[32mtests_1    |[0m 
[32mtests_1    |[0m       at Object.<anonymous> (tests/models/user.test.js:13:5)
[32mtests_1    |[0m 
[32mtests_1    |[0m   ● User Model Tests › authenticate › fails with wrong password
[32mtests_1    |[0m 
[32mtests_1    |[0m     ReferenceError: db is not defined
[32mtests_1    |[0m 
[32mtests_1    |[0m       11 | describe("User Model Tests", () => {
[32mtests_1    |[0m       12 |   beforeEach(async () => {
[32mtests_1    |[0m     > 13 |     await db.query("DELETE FROM moves");
[32mtests_1    |[0m          |     ^
[32mtests_1    |[0m       14 |     await db.query("DELETE FROM users");
[32mtests_1    |[0m       15 |     
[32mtests_1    |[0m       16 |     await User.register({
[32mtests_1    |[0m 
[32mtests_1    |[0m       at Object.<anonymous> (tests/models/user.test.js:13:5)
[32mtests_1    |[0m 
[32mtests_1    |[0m   ● User Model Tests › authenticate › fails with non-existent user
[32mtests_1    |[0m 
[32mtests_1    |[0m     ReferenceError: db is not defined
[32mtests_1    |[0m 
[32mtests_1    |[0m       11 | describe("User Model Tests", () => {
[32mtests_1    |[0m       12 |   beforeEach(async () => {
[32mtests_1    |[0m     > 13 |     await db.query("DELETE FROM moves");
[32mtests_1    |[0m          |     ^
[32mtests_1    |[0m       14 |     await db.query("DELETE FROM users");
[32mtests_1    |[0m       15 |     
[32mtests_1    |[0m       16 |     await User.register({
[32mtests_1    |[0m 
[32mtests_1    |[0m       at Object.<anonymous> (tests/models/user.test.js:13:5)
[32mtests_1    |[0m 
[32mtests_1    |[0m   ● User Model Tests › register › works
[32mtests_1    |[0m 
[32mtests_1    |[0m     ReferenceError: db is not defined
[32mtests_1    |[0m 
[32mtests_1    |[0m       11 | describe("User Model Tests", () => {
[32mtests_1    |[0m       12 |   beforeEach(async () => {
[32mtests_1    |[0m     > 13 |     await db.query("DELETE FROM moves");
[32mtests_1    |[0m          |     ^
[32mtests_1    |[0m       14 |     await db.query("DELETE FROM users");
[32mtests_1    |[0m       15 |     
[32mtests_1    |[0m       16 |     await User.register({
[32mtests_1    |[0m 
[32mtests_1    |[0m       at Object.<anonymous> (tests/models/user.test.js:13:5)
[32mtests_1    |[0m 
[32mtests_1    |[0m   ● User Model Tests › register › fails with duplicate username
[32mtests_1    |[0m 
[32mtests_1    |[0m     ReferenceError: db is not defined
[32mtests_1    |[0m 
[32mtests_1    |[0m       11 | describe("User Model Tests", () => {
[32mtests_1    |[0m       12 |   beforeEach(async () => {
[32mtests_1    |[0m     > 13 |     await db.query("DELETE FROM moves");
[32mtests_1    |[0m          |     ^
[32mtests_1    |[0m       14 |     await db.query("DELETE FROM users");
[32mtests_1    |[0m       15 |     
[32mtests_1    |[0m       16 |     await User.register({
[32mtests_1    |[0m 
[32mtests_1    |[0m       at Object.<anonymous> (tests/models/user.test.js:13:5)
[32mtests_1    |[0m 
[32mtests_1    |[0m   ● User Model Tests › findAll › works
[32mtests_1    |[0m 
[32mtests_1    |[0m     ReferenceError: db is not defined
[32mtests_1    |[0m 
[32mtests_1    |[0m       11 | describe("User Model Tests", () => {
[32mtests_1    |[0m       12 |   beforeEach(async () => {
[32mtests_1    |[0m     > 13 |     await db.query("DELETE FROM moves");
[32mtests_1    |[0m          |     ^
[32mtests_1    |[0m       14 |     await db.query("DELETE FROM users");
[32mtests_1    |[0m       15 |     
[32mtests_1    |[0m       16 |     await User.register({
[32mtests_1    |[0m 
[32mtests_1    |[0m       at Object.<anonymous> (tests/models/user.test.js:13:5)
[32mtests_1    |[0m 
[32mtests_1    |[0m   ● User Model Tests › get › works
[32mtests_1    |[0m 
[32mtests_1    |[0m     ReferenceError: db is not defined
[32mtests_1    |[0m 
[32mtests_1    |[0m       11 | describe("User Model Tests", () => {
[32mtests_1    |[0m       12 |   beforeEach(async () => {
[32mtests_1    |[0m     > 13 |     await db.query("DELETE FROM moves");
[32mtests_1    |[0m          |     ^
[32mtests_1    |[0m       14 |     await db.query("DELETE FROM users");
[32mtests_1    |[0m       15 |     
[32mtests_1    |[0m       16 |     await User.register({
[32mtests_1    |[0m 
[32mtests_1    |[0m       at Object.<anonymous> (tests/models/user.test.js:13:5)
[32mtests_1    |[0m 
[32mtests_1    |[0m   ● User Model Tests › get › not found if no such user
[32mtests_1    |[0m 
[32mtests_1    |[0m     ReferenceError: db is not defined
[32mtests_1    |[0m 
[32mtests_1    |[0m       11 | describe("User Model Tests", () => {
[32mtests_1    |[0m       12 |   beforeEach(async () => {
[32mtests_1    |[0m     > 13 |     await db.query("DELETE FROM moves");
[32mtests_1    |[0m          |     ^
[32mtests_1    |[0m       14 |     await db.query("DELETE FROM users");
[32mtests_1    |[0m       15 |     
[32mtests_1    |[0m       16 |     await User.register({
[32mtests_1    |[0m 
[32mtests_1    |[0m       at Object.<anonymous> (tests/models/user.test.js:13:5)
[32mtests_1    |[0m 
[32mtests_1    |[0m   ● User Model Tests › update › works
[32mtests_1    |[0m 
[32mtests_1    |[0m     ReferenceError: db is not defined
[32mtests_1    |[0m 
[32mtests_1    |[0m       11 | describe("User Model Tests", () => {
[32mtests_1    |[0m       12 |   beforeEach(async () => {
[32mtests_1    |[0m     > 13 |     await db.query("DELETE FROM moves");
[32mtests_1    |[0m          |     ^
[32mtests_1    |[0m       14 |     await db.query("DELETE FROM users");
[32mtests_1    |[0m       15 |     
[32mtests_1    |[0m       16 |     await User.register({
[32mtests_1    |[0m 
[32mtests_1    |[0m       at Object.<anonymous> (tests/models/user.test.js:13:5)
[32mtests_1    |[0m 
[32mtests_1    |[0m   ● User Model Tests › remove › works
[32mtests_1    |[0m 
[32mtests_1    |[0m     ReferenceError: db is not defined
[32mtests_1    |[0m 
[32mtests_1    |[0m       11 | describe("User Model Tests", () => {
[32mtests_1    |[0m       12 |   beforeEach(async () => {
[32mtests_1    |[0m     > 13 |     await db.query("DELETE FROM moves");
[32mtests_1    |[0m          |     ^
[32mtests_1    |[0m       14 |     await db.query("DELETE FROM users");
[32mtests_1    |[0m       15 |     
[32mtests_1    |[0m       16 |     await User.register({
[32mtests_1    |[0m 
[32mtests_1    |[0m       at Object.<anonymous> (tests/models/user.test.js:13:5)
[32mtests_1    |[0m 
[32mtests_1    |[0m   ● User Model Tests › remove › not found if no such user
[32mtests_1    |[0m 
[32mtests_1    |[0m     ReferenceError: db is not defined
[32mtests_1    |[0m 
[32mtests_1    |[0m       11 | describe("User Model Tests", () => {
[32mtests_1    |[0m       12 |   beforeEach(async () => {
[32mtests_1    |[0m     > 13 |     await db.query("DELETE FROM moves");
[32mtests_1    |[0m          |     ^
[32mtests_1    |[0m       14 |     await db.query("DELETE FROM users");
[32mtests_1    |[0m       15 |     
[32mtests_1    |[0m       16 |     await User.register({
[32mtests_1    |[0m 
[32mtests_1    |[0m       at Object.<anonymous> (tests/models/user.test.js:13:5)
[32mtests_1    |[0m 
[32mtests_1    |[0m   console.log
[32mtests_1    |[0m     QRBoxer Config:
[32mtests_1    |[0m 
[32mtests_1    |[0m       at Object.log (config/config.js:22:9)
[32mtests_1    |[0m 
[32mtests_1    |[0m   console.log
[32mtests_1    |[0m     SECRET_KEY: secret-dev
[32mtests_1    |[0m 
[32mtests_1    |[0m       at Object.log (config/config.js:23:9)
[32mtests_1    |[0m 
[32mtests_1    |[0m   console.log
[32mtests_1    |[0m     PORT: 3001
[32mtests_1    |[0m 
[32mtests_1    |[0m       at Object.log (config/config.js:24:9)
[32mtests_1    |[0m 
[32mtests_1    |[0m   console.log
[32mtests_1    |[0m     BCRYPT_WORK_FACTOR 1
[32mtests_1    |[0m 
[32mtests_1    |[0m       at Object.log (config/config.js:25:9)
[32mtests_1    |[0m 
[32mtests_1    |[0m   console.log
[32mtests_1    |[0m     Database: postgresql://test_user:test_password@test-db:5432/test_db
[32mtests_1    |[0m 
[32mtests_1    |[0m       at Object.log (config/config.js:26:9)
[32mtests_1    |[0m 
[32mtests_1    |[0m   console.log
[32mtests_1    |[0m     ---
[32mtests_1    |[0m 
[32mtests_1    |[0m       at Object.log (config/config.js:27:9)
[32mtests_1    |[0m 
[32mtests_1    |[0m FAIL tests/routes/authRoutes.test.js
[32mtests_1    |[0m   Auth Routes Test
[32mtests_1    |[0m     POST /auth/token
[32mtests_1    |[0m       ✕ works: can login with valid credentials (1 ms)
[32mtests_1    |[0m       ✕ unauth with non-existent user
[32mtests_1    |[0m       ✕ unauth with wrong password
[32mtests_1    |[0m       ✕ bad request with missing data (1 ms)
[32mtests_1    |[0m       ✕ bad request with invalid data (1 ms)
[32mtests_1    |[0m     POST /auth/register
[32mtests_1    |[0m       ✕ works: can register (1 ms)
[32mtests_1    |[0m       ✕ bad request with duplicate username (1 ms)
[32mtests_1    |[0m       ✕ bad request with invalid email
[32mtests_1    |[0m       ✕ bad request with missing fields
[32mtests_1    |[0m       ✕ bad request with invalid data types
[32mtests_1    |[0m       ✕ cannot set admin to true
[32mtests_1    |[0m 
[32mtests_1    |[0m   ● Auth Routes Test › POST /auth/token › works: can login with valid credentials
[32mtests_1    |[0m 
[32mtests_1    |[0m     ReferenceError: db is not defined
[32mtests_1    |[0m 
[32mtests_1    |[0m        7 | describe("Auth Routes Test", () => {
[32mtests_1    |[0m        8 |   beforeEach(async () => {
[32mtests_1    |[0m     >  9 |     await db.query("DELETE FROM moves");
[32mtests_1    |[0m          |     ^
[32mtests_1    |[0m       10 |     await db.query("DELETE FROM users");
[32mtests_1    |[0m       11 |     
[32mtests_1    |[0m       12 |     await User.register({
[32mtests_1    |[0m 
[32mtests_1    |[0m       at Object.<anonymous> (tests/routes/authRoutes.test.js:9:5)
[32mtests_1    |[0m 
[32mtests_1    |[0m   ● Auth Routes Test › POST /auth/token › unauth with non-existent user
[32mtests_1    |[0m 
[32mtests_1    |[0m     ReferenceError: db is not defined
[32mtests_1    |[0m 
[32mtests_1    |[0m        7 | describe("Auth Routes Test", () => {
[32mtests_1    |[0m        8 |   beforeEach(async () => {
[32mtests_1    |[0m     >  9 |     await db.query("DELETE FROM moves");
[32mtests_1    |[0m          |     ^
[32mtests_1    |[0m       10 |     await db.query("DELETE FROM users");
[32mtests_1    |[0m       11 |     
[32mtests_1    |[0m       12 |     await User.register({
[32mtests_1    |[0m 
[32mtests_1    |[0m       at Object.<anonymous> (tests/routes/authRoutes.test.js:9:5)
[32mtests_1    |[0m 
[32mtests_1    |[0m   ● Auth Routes Test › POST /auth/token › unauth with wrong password
[32mtests_1    |[0m 
[32mtests_1    |[0m     ReferenceError: db is not defined
[32mtests_1    |[0m 
[32mtests_1    |[0m        7 | describe("Auth Routes Test", () => {
[32mtests_1    |[0m        8 |   beforeEach(async () => {
[32mtests_1    |[0m     >  9 |     await db.query("DELETE FROM moves");
[32mtests_1    |[0m          |     ^
[32mtests_1    |[0m       10 |     await db.query("DELETE FROM users");
[32mtests_1    |[0m       11 |     
[32mtests_1    |[0m       12 |     await User.register({
[32mtests_1    |[0m 
[32mtests_1    |[0m       at Object.<anonymous> (tests/routes/authRoutes.test.js:9:5)
[32mtests_1    |[0m 
[32mtests_1    |[0m   ● Auth Routes Test › POST /auth/token › bad request with missing data
[32mtests_1    |[0m 
[32mtests_1    |[0m     ReferenceError: db is not defined
[32mtests_1    |[0m 
[32mtests_1    |[0m        7 | describe("Auth Routes Test", () => {
[32mtests_1    |[0m        8 |   beforeEach(async () => {
[32mtests_1    |[0m     >  9 |     await db.query("DELETE FROM moves");
[32mtests_1    |[0m          |     ^
[32mtests_1    |[0m       10 |     await db.query("DELETE FROM users");
[32mtests_1    |[0m       11 |     
[32mtests_1    |[0m       12 |     await User.register({
[32mtests_1    |[0m 
[32mtests_1    |[0m       at Object.<anonymous> (tests/routes/authRoutes.test.js:9:5)
[32mtests_1    |[0m 
[32mtests_1    |[0m   ● Auth Routes Test › POST /auth/token › bad request with invalid data
[32mtests_1    |[0m 
[32mtests_1    |[0m     ReferenceError: db is not defined
[32mtests_1    |[0m 
[32mtests_1    |[0m        7 | describe("Auth Routes Test", () => {
[32mtests_1    |[0m        8 |   beforeEach(async () => {
[32mtests_1    |[0m     >  9 |     await db.query("DELETE FROM moves");
[32mtests_1    |[0m          |     ^
[32mtests_1    |[0m       10 |     await db.query("DELETE FROM users");
[32mtests_1    |[0m       11 |     
[32mtests_1    |[0m       12 |     await User.register({
[32mtests_1    |[0m 
[32mtests_1    |[0m       at Object.<anonymous> (tests/routes/authRoutes.test.js:9:5)
[32mtests_1    |[0m 
[32mtests_1    |[0m   ● Auth Routes Test › POST /auth/register › works: can register
[32mtests_1    |[0m 
[32mtests_1    |[0m     ReferenceError: db is not defined
[32mtests_1    |[0m 
[32mtests_1    |[0m        7 | describe("Auth Routes Test", () => {
[32mtests_1    |[0m        8 |   beforeEach(async () => {
[32mtests_1    |[0m     >  9 |     await db.query("DELETE FROM moves");
[32mtests_1    |[0m          |     ^
[32mtests_1    |[0m       10 |     await db.query("DELETE FROM users");
[32mtests_1    |[0m       11 |     
[32mtests_1    |[0m       12 |     await User.register({
[32mtests_1    |[0m 
[32mtests_1    |[0m       at Object.<anonymous> (tests/routes/authRoutes.test.js:9:5)
[32mtests_1    |[0m 
[32mtests_1    |[0m   ● Auth Routes Test › POST /auth/register › bad request with duplicate username
[32mtests_1    |[0m 
[32mtests_1    |[0m     ReferenceError: db is not defined
[32mtests_1    |[0m 
[32mtests_1    |[0m        7 | describe("Auth Routes Test", () => {
[32mtests_1    |[0m        8 |   beforeEach(async () => {
[32mtests_1    |[0m     >  9 |     await db.query("DELETE FROM moves");
[32mtests_1    |[0m          |     ^
[32mtests_1    |[0m       10 |     await db.query("DELETE FROM users");
[32mtests_1    |[0m       11 |     
[32mtests_1    |[0m       12 |     await User.register({
[32mtests_1    |[0m 
[32mtests_1    |[0m       at Object.<anonymous> (tests/routes/authRoutes.test.js:9:5)
[32mtests_1    |[0m 
[32mtests_1    |[0m   ● Auth Routes Test › POST /auth/register › bad request with invalid email
[32mtests_1    |[0m 
[32mtests_1    |[0m     ReferenceError: db is not defined
[32mtests_1    |[0m 
[32mtests_1    |[0m        7 | describe("Auth Routes Test", () => {
[32mtests_1    |[0m        8 |   beforeEach(async () => {
[32mtests_1    |[0m     >  9 |     await db.query("DELETE FROM moves");
[32mtests_1    |[0m          |     ^
[32mtests_1    |[0m       10 |     await db.query("DELETE FROM users");
[32mtests_1    |[0m       11 |     
[32mtests_1    |[0m       12 |     await User.register({
[32mtests_1    |[0m 
[32mtests_1    |[0m       at Object.<anonymous> (tests/routes/authRoutes.test.js:9:5)
[32mtests_1    |[0m 
[32mtests_1    |[0m   ● Auth Routes Test › POST /auth/register › bad request with missing fields
[32mtests_1    |[0m 
[32mtests_1    |[0m     ReferenceError: db is not defined
[32mtests_1    |[0m 
[32mtests_1    |[0m        7 | describe("Auth Routes Test", () => {
[32mtests_1    |[0m        8 |   beforeEach(async () => {
[32mtests_1    |[0m     >  9 |     await db.query("DELETE FROM moves");
[32mtests_1    |[0m          |     ^
[32mtests_1    |[0m       10 |     await db.query("DELETE FROM users");
[32mtests_1    |[0m       11 |     
[32mtests_1    |[0m       12 |     await User.register({
[32mtests_1    |[0m 
[32mtests_1    |[0m       at Object.<anonymous> (tests/routes/authRoutes.test.js:9:5)
[32mtests_1    |[0m 
[32mtests_1    |[0m   ● Auth Routes Test › POST /auth/register › bad request with invalid data types
[32mtests_1    |[0m 
[32mtests_1    |[0m     ReferenceError: db is not defined
[32mtests_1    |[0m 
[32mtests_1    |[0m        7 | describe("Auth Routes Test", () => {
[32mtests_1    |[0m        8 |   beforeEach(async () => {
[32mtests_1    |[0m     >  9 |     await db.query("DELETE FROM moves");
[32mtests_1    |[0m          |     ^
[32mtests_1    |[0m       10 |     await db.query("DELETE FROM users");
[32mtests_1    |[0m       11 |     
[32mtests_1    |[0m       12 |     await User.register({
[32mtests_1    |[0m 
[32mtests_1    |[0m       at Object.<anonymous> (tests/routes/authRoutes.test.js:9:5)
[32mtests_1    |[0m 
[32mtests_1    |[0m   ● Auth Routes Test › POST /auth/register › cannot set admin to true
[32mtests_1    |[0m 
[32mtests_1    |[0m     ReferenceError: db is not defined
[32mtests_1    |[0m 
[32mtests_1    |[0m        7 | describe("Auth Routes Test", () => {
[32mtests_1    |[0m        8 |   beforeEach(async () => {
[32mtests_1    |[0m     >  9 |     await db.query("DELETE FROM moves");
[32mtests_1    |[0m          |     ^
[32mtests_1    |[0m       10 |     await db.query("DELETE FROM users");
[32mtests_1    |[0m       11 |     
[32mtests_1    |[0m       12 |     await User.register({
[32mtests_1    |[0m 
[32mtests_1    |[0m       at Object.<anonymous> (tests/routes/authRoutes.test.js:9:5)
[32mtests_1    |[0m 
[32mtests_1    |[0m FAIL tests/models/item.test.js
[32mtests_1    |[0m   Item Model Tests
[32mtests_1    |[0m     ✕ can create an item (1 ms)
[32mtests_1    |[0m     ✕ can find all items (1 ms)
[32mtests_1    |[0m     ✕ can get item by id (1 ms)
[32mtests_1    |[0m     ✕ can find items by box (1 ms)
[32mtests_1    |[0m     ✕ can update item (1 ms)
[32mtests_1    |[0m     ✕ not found if no such item
[32mtests_1    |[0m     ✕ can delete item
[32mtests_1    |[0m 
[32mtests_1    |[0m   ● Item Model Tests › can create an item
[32mtests_1    |[0m 
[32mtests_1    |[0m     ReferenceError: db is not defined
[32mtests_1    |[0m 
[32mtests_1    |[0m        8 |   beforeEach(async () => {
[32mtests_1    |[0m        9 |     // Clean tables in correct order
[32mtests_1    |[0m     > 10 |     await db.query("DELETE FROM items");
[32mtests_1    |[0m          |     ^
[32mtests_1    |[0m       11 |     await db.query("DELETE FROM boxes");
[32mtests_1    |[0m       12 |     await db.query("DELETE FROM moves");
[32mtests_1    |[0m       13 |     await db.query("DELETE FROM users");
[32mtests_1    |[0m 
[32mtests_1    |[0m       at Object.<anonymous> (tests/models/item.test.js:10:5)
[32mtests_1    |[0m 
[32mtests_1    |[0m   ● Item Model Tests › can find all items
[32mtests_1    |[0m 
[32mtests_1    |[0m     ReferenceError: db is not defined
[32mtests_1    |[0m 
[32mtests_1    |[0m        8 |   beforeEach(async () => {
[32mtests_1    |[0m        9 |     // Clean tables in correct order
[32mtests_1    |[0m     > 10 |     await db.query("DELETE FROM items");
[32mtests_1    |[0m          |     ^
[32mtests_1    |[0m       11 |     await db.query("DELETE FROM boxes");
[32mtests_1    |[0m       12 |     await db.query("DELETE FROM moves");
[32mtests_1    |[0m       13 |     await db.query("DELETE FROM users");
[32mtests_1    |[0m 
[32mtests_1    |[0m       at Object.<anonymous> (tests/models/item.test.js:10:5)
[32mtests_1    |[0m 
[32mtests_1    |[0m   ● Item Model Tests › can get item by id
[32mtests_1    |[0m 
[32mtests_1    |[0m     ReferenceError: db is not defined
[32mtests_1    |[0m 
[32mtests_1    |[0m        8 |   beforeEach(async () => {
[32mtests_1    |[0m        9 |     // Clean tables in correct order
[32mtests_1    |[0m     > 10 |     await db.query("DELETE FROM items");
[32mtests_1    |[0m          |     ^
[32mtests_1    |[0m       11 |     await db.query("DELETE FROM boxes");
[32mtests_1    |[0m       12 |     await db.query("DELETE FROM moves");
[32mtests_1    |[0m       13 |     await db.query("DELETE FROM users");
[32mtests_1    |[0m 
[32mtests_1    |[0m       at Object.<anonymous> (tests/models/item.test.js:10:5)
[32mtests_1    |[0m 
[32mtests_1    |[0m   ● Item Model Tests › can find items by box
[32mtests_1    |[0m 
[32mtests_1    |[0m     ReferenceError: db is not defined
[32mtests_1    |[0m 
[32mtests_1    |[0m        8 |   beforeEach(async () => {
[32mtests_1    |[0m        9 |     // Clean tables in correct order
[32mtests_1    |[0m     > 10 |     await db.query("DELETE FROM items");
[32mtests_1    |[0m          |     ^
[32mtests_1    |[0m       11 |     await db.query("DELETE FROM boxes");
[32mtests_1    |[0m       12 |     await db.query("DELETE FROM moves");
[32mtests_1    |[0m       13 |     await db.query("DELETE FROM users");
[32mtests_1    |[0m 
[32mtests_1    |[0m       at Object.<anonymous> (tests/models/item.test.js:10:5)
[32mtests_1    |[0m 
[32mtests_1    |[0m   ● Item Model Tests › can update item
[32mtests_1    |[0m 
[32mtests_1    |[0m     ReferenceError: db is not defined
[32mtests_1    |[0m 
[32mtests_1    |[0m        8 |   beforeEach(async () => {
[32mtests_1    |[0m        9 |     // Clean tables in correct order
[32mtests_1    |[0m     > 10 |     await db.query("DELETE FROM items");
[32mtests_1    |[0m          |     ^
[32mtests_1    |[0m       11 |     await db.query("DELETE FROM boxes");
[32mtests_1    |[0m       12 |     await db.query("DELETE FROM moves");
[32mtests_1    |[0m       13 |     await db.query("DELETE FROM users");
[32mtests_1    |[0m 
[32mtests_1    |[0m       at Object.<anonymous> (tests/models/item.test.js:10:5)
[32mtests_1    |[0m 
[32mtests_1    |[0m   ● Item Model Tests › not found if no such item
[32mtests_1    |[0m 
[32mtests_1    |[0m     ReferenceError: db is not defined
[32mtests_1    |[0m 
[32mtests_1    |[0m        8 |   beforeEach(async () => {
[32mtests_1    |[0m        9 |     // Clean tables in correct order
[32mtests_1    |[0m     > 10 |     await db.query("DELETE FROM items");
[32mtests_1    |[0m          |     ^
[32mtests_1    |[0m       11 |     await db.query("DELETE FROM boxes");
[32mtests_1    |[0m       12 |     await db.query("DELETE FROM moves");
[32mtests_1    |[0m       13 |     await db.query("DELETE FROM users");
[32mtests_1    |[0m 
[32mtests_1    |[0m       at Object.<anonymous> (tests/models/item.test.js:10:5)
[32mtests_1    |[0m 
[32mtests_1    |[0m   ● Item Model Tests › can delete item
[32mtests_1    |[0m 
[32mtests_1    |[0m     ReferenceError: db is not defined
[32mtests_1    |[0m 
[32mtests_1    |[0m        8 |   beforeEach(async () => {
[32mtests_1    |[0m        9 |     // Clean tables in correct order
[32mtests_1    |[0m     > 10 |     await db.query("DELETE FROM items");
[32mtests_1    |[0m          |     ^
[32mtests_1    |[0m       11 |     await db.query("DELETE FROM boxes");
[32mtests_1    |[0m       12 |     await db.query("DELETE FROM moves");
[32mtests_1    |[0m       13 |     await db.query("DELETE FROM users");
[32mtests_1    |[0m 
[32mtests_1    |[0m       at Object.<anonymous> (tests/models/item.test.js:10:5)
[32mtests_1    |[0m 
[32mtests_1    |[0m   console.log
[32mtests_1    |[0m     QRBoxer Config:
[32mtests_1    |[0m 
[32mtests_1    |[0m       at Object.log (config/config.js:22:9)
[32mtests_1    |[0m 
[32mtests_1    |[0m   console.log
[32mtests_1    |[0m     SECRET_KEY: secret-dev
[32mtests_1    |[0m 
[32mtests_1    |[0m       at Object.log (config/config.js:23:9)
[32mtests_1    |[0m 
[32mtests_1    |[0m   console.log
[32mtests_1    |[0m     PORT: 3001
[32mtests_1    |[0m 
[32mtests_1    |[0m       at Object.log (config/config.js:24:9)
[32mtests_1    |[0m 
[32mtests_1    |[0m   console.log
[32mtests_1    |[0m     BCRYPT_WORK_FACTOR 1
[32mtests_1    |[0m 
[32mtests_1    |[0m       at Object.log (config/config.js:25:9)
[32mtests_1    |[0m 
[32mtests_1    |[0m   console.log
[32mtests_1    |[0m     Database: postgresql://test_user:test_password@test-db:5432/test_db
[32mtests_1    |[0m 
[32mtests_1    |[0m       at Object.log (config/config.js:26:9)
[32mtests_1    |[0m 
[32mtests_1    |[0m   console.log
[32mtests_1    |[0m     ---
[32mtests_1    |[0m 
[32mtests_1    |[0m       at Object.log (config/config.js:27:9)
[32mtests_1    |[0m 
[32mtests_1    |[0m POST /moves 201 128 - 2.678 ms
[32mtests_1    |[0m POST /moves 400 164 - 2.826 ms
[32mtests_1    |[0m PASS tests/routes/moveRoutes.test.js
[32mtests_1    |[0m   Move Routes Test
[32mtests_1    |[0m     POST /moves
[32mtests_1    |[0m       ✓ works: creates a new move (25 ms)
[32mtests_1    |[0m       ✓ bad request with missing data (11 ms)
[32mtests_1    |[0m 
[32mtests_1    |[0m Test Suites: 6 failed, 3 passed, 9 total
[32mtests_1    |[0m Tests:       59 failed, 27 passed, 86 total
[32mtests_1    |[0m Snapshots:   0 total
[32mtests_1    |[0m Time:        3.59 s
[32mtests_1    |[0m Ran all test suites.
[32mtests_1    |[0m npm notice 
[32mtests_1    |[0m npm notice New major version of npm available! 8.19.4 -> 11.1.0
[32mtests_1    |[0m npm notice Changelog: <https://github.com/npm/cli/releases/tag/v11.1.0>
[32mtests_1    |[0m npm notice Run `npm install -g npm@11.1.0` to update!
[32mtests_1    |[0m npm notice 
[32mqrboxer-backend_tests_1 exited with code 1
[0m